2026-10-09 07:32:44.553 - aiperf.cli_runner._single_run - INFO - Starting AIPerf System
2026-10-09 07:32:44.590 - aiperf.common.scenario.validator - INFO - Scenario 'agentx': setting profiling-phase timing_mode=agentic_replay.
2026-10-09 07:32:44.590 - aiperf.common.scenario.validator - INFO - Scenario 'agentx': injecting extra_inputs.ignore_eos=true (was absent).
2026-10-09 07:32:44.590 - aiperf.common.scenario.validator - INFO - Scenario 'agentx': auto-set --cache-bust=first_turn_prefix (was at default none).
2026-10-09 07:32:44.590 - aiperf.common.scenario.validator - INFO - Scenario 'agentx': auto-set --system-idle-gap-cap-seconds=10.0 (was unset).
2026-10-09 07:32:44.590 - aiperf.common.scenario.validator - WARNING - Scenario violation (override active): --benchmark-duration: got 120.0, required '>=900' (scenario 'agentx' requires duration >= 900s to reach steady state and trigger KV offloading)
2026-10-09 07:32:45.693 - system_controller - INFO - GPU telemetry disabled via --no-gpu-telemetry
2026-10-09 07:32:45.830 - system_controller - INFO - Registered Worker Manager (id: 'worker_manager')
2026-10-09 07:32:45.910 - server_metrics_manager - INFO - Server Metrics: Discovered 1 endpoints: ['http://agentx-epp-a-epp:80/metrics']
2026-10-09 07:32:45.975 - system_controller - INFO - Registered Record Processor (id: 'record_processor_1a4bf1d8')
2026-10-09 07:32:46.020 - system_controller - INFO - Registered Server Metrics Manager (id: 'server_metrics_manager')
2026-10-09 07:32:46.133 - system_controller - INFO - Registered Dataset Manager (id: 'dataset_manager')
2026-10-09 07:32:46.140 - OTelMetricsResultsProcessor_8562bb37 - INFO - Telemetry streaming is disabled (set --otel-url and/or --mlflow-tracking-uri to enable)
2026-10-09 07:32:46.142 - RecordExportJSONLWriter_2ed1c827 - INFO - Record metrics export enabled: /data/results/smoke-epp/c4/aiperf_artifacts/profile_export.jsonl
2026-10-09 07:32:46.181 - system_controller - INFO - Registered Records Manager (id: 'records_manager')
2026-10-09 07:32:46.616 - system_controller - INFO - Registered Timing Manager (id: 'timing_manager')
2026-10-09 07:32:46.670 - system_controller - INFO - Registered Worker (id: 'worker_a1b505b7')
2026-10-09 07:32:46.677 - system_controller - INFO - Registered Worker (id: 'worker_70487470')
2026-10-09 07:32:46.687 - system_controller - INFO - Registered Worker (id: 'worker_b979e175')
2026-10-09 07:32:46.701 - system_controller - INFO - Registered Worker (id: 'worker_6f9b1d1b')
2026-10-09 07:32:46.703 - system_controller - INFO - AIPerf System is CONFIGURING
2026-10-09 07:32:46.703 - system_controller - INFO - Configuring all services to start profiling
2026-10-09 07:32:46.705 - timing_manager - INFO - Waiting for dataset to be configured before configuring timing
2026-10-09 07:32:46.705 - InferenceResultParser_a354fb2d - INFO - Tokenization is disabled for this endpoint, skipping tokenizer configuration
2026-10-09 07:32:46.714 - dataset_manager - INFO - Memory-mapped dataset cache HIT (key=29b96fff689182f030458360f07d0061); skipping tokenizer + composer.
2026-10-09 07:32:46.759 - server_metrics_manager - INFO - Server Metrics: Capturing baseline metrics...
2026-10-09 07:32:46.798 - http://agentx-epp-a-epp:80/metrics - INFO - Skipping unsupported summary metric: http_request_size_bytes
2026-10-09 07:32:46.798 - http://agentx-epp-a-epp:80/metrics - INFO - Skipping unsupported summary metric: http_response_size_bytes
2026-10-09 07:32:46.838 - http://10.100.3.9:8000/metrics - INFO - Skipping unsupported summary metric: http_request_size_bytes
2026-10-09 07:32:46.838 - http://10.100.3.9:8000/metrics - INFO - Skipping unsupported summary metric: http_response_size_bytes
2026-10-09 07:32:46.844 - system_controller - INFO - Server metrics enabled - 2/2 endpoint(s) reachable.
2026-10-09 07:32:46.844 - system_controller - INFO - Waiting for result domains: profile, server_metrics
2026-10-09 07:32:47.258 - aiperf.dataset.mmap_cache - INFO - Restored mmap cache file dataset.dat via copy in 0.542s (0.04 GiB)
2026-10-09 07:32:47.260 - aiperf.dataset.mmap_cache - INFO - Restored mmap cache file index.dat via copy in 0.002s (0.00 GiB)
2026-10-09 07:32:47.261 - aiperf.dataset.mmap_cache - INFO - Restored mmap cache files in 0.545s via dataset=copy index=copy (dataset=0.04 GiB, index=0.00 GiB)
2026-10-09 07:32:47.291 - dataset_manager - INFO - sampling strategy: sequential, unique conversations: 80, unique turn count: 1228
2026-10-09 07:32:47.341 - aiperf.timing.trajectory_source - INFO - TrajectorySource: built 4 trajectories from 8 traces
2026-10-09 07:32:47.342 - aiperf.timing.trajectory_source - INFO -   range cfg=[0.25, 0.75]  observed sample pct: min= 49% median= 55% max= 67%
2026-10-09 07:32:47.342 - aiperf.timing.trajectory_source - INFO -     lane=00  sample_time= 53%  root_next= 45/61  ( 74% turns)  live=1 ready=1  trace_id=002001296e8a8c38ad9d7cc436d691afc602
2026-10-09 07:32:47.342 - aiperf.timing.trajectory_source - INFO -     lane=01  sample_time= 49%  root_next=  5/33  ( 15% turns)  live=1 ready=1  trace_id=006c98de37d819e95b0840e25426bb7ca99d
2026-10-09 07:32:47.342 - aiperf.timing.trajectory_source - INFO -     lane=02  sample_time= 67%  root_next= 24/29  ( 83% turns)  live=1 ready=1  trace_id=00ca01c4aaeccee751ae6285beb54dea262f
2026-10-09 07:32:47.342 - aiperf.timing.trajectory_source - INFO -     lane=03  sample_time= 56%  root_next=  0/16  (  0% turns)  live=1 ready=1  trace_id=0196085d85d2075a50b74cd8795ffbdcea9a
2026-10-09 07:32:47.342 - PhaseOrchestrator_60046503 - INFO - Initialized 2 phase(s): ['Warmup', 'Profiling']
2026-10-09 07:32:47.754 - dataset_manager - INFO - Dataset client initialized and freed 0 conversations from memory
2026-10-09 07:32:47.756 - system_controller - INFO - All services configured in 1.05 seconds
2026-10-09 07:32:47.756 - system_controller - INFO - AIPerf System is CONFIGURED
2026-10-09 07:32:47.758 - server_metrics_manager - INFO - Server Metrics: Started 2 collector(s) successfully
2026-10-09 07:32:47.760 - system_controller - INFO - All services started profiling successfully
2026-10-09 07:32:47.760 - system_controller - INFO - AIPerf System is PROFILING
2026-10-09 07:32:47.780 - PhaseRunner - NOTICE - Phase warmup (warmup) started | target: 7 requests
2026-10-09 07:32:47.781 - AgenticReplayTiming - INFO - WARMUP execute: dispatching 3 trajectory credits
2026-10-09 07:32:47.783 - records_manager - INFO - Credit phase start: warmup
2026-10-09 07:32:47.784 - AgenticReplayTiming - INFO - WARMUP count budget: 1 additional requests per lane after 3 mandatory snapshot primers
2026-10-09 07:32:47.784 - AgenticReplayTiming - INFO - WARMUP spread: 0.0s ramp aligning 3 request(s) on t* (earliest fires at 0, last at 0.0s)
2026-10-09 07:32:47.849 - aiperf.credit.callback_handler - WARNING - Terminal warmup failure for trace 006c98de37d819e95b0840e25426bb7ca99d; aborting run early (broadcasting ProfileCancelCommand).
2026-10-09 07:32:47.851 - system_controller - WARNING - Run aborted (warmup_failure): A root AgentX warmup request failed, so profiling was not started. Check the preceding request error and inference server logs. Will exit non-zero.
2026-10-09 07:32:47.851 - records_manager - WARNING - Received profile cancel command: {"message_type":"command","service_id":"timing_manager","command":"profile_cancel","command_id":"c57c6772-226a-4b1d-8faa-7bade552ce17","reason":"warmup_failure","reason_detail":"A root AgentX warmup request failed, so profiling was not started. Check the preceding request error and inference server logs."}
2026-10-09 07:32:47.852 - records_manager - INFO - Processing records results...
2026-10-09 07:32:47.858 - system_controller - INFO - Waiting for result domains: server_metrics
2026-10-09 07:32:47.887 - aiperf.timing.replay_dependencies - INFO - Replay interval barriers active: 1228 requests, 500 gated turns, join-widths={1: 469, 2: 22, 3: 1, 5: 8}
2026-10-09 07:32:47.887 - AgenticReplayTiming - INFO - WARMUP cache pressure: replaying live trajectories until each lane reaches 1 additional requests with zero idle delay and max_tokens=1
2026-10-09 07:32:47.889 - AgenticReplayTiming - INFO - WARMUP cache pressure request budget reached: 1 additional requests on each of 4 lanes; draining requests
2026-10-09 07:32:47.890 - PhaseRunner - NOTICE - Phase warmup (warmup) sending complete | sent=7, completed=3, in_flight=4 | sessions: sent=3, completed=0
2026-10-09 07:32:47.991 - PhaseRunner - INFO - All accelerated-warmup wire requests returned; preserving paused DAG work for profiling handoff.
2026-10-09 07:32:47.991 - PhaseRunner - NOTICE - Phase warmup (warmup) complete | completed=7, cancelled=0, errors=7 | sessions: completed=0, cancelled=0 | elapsed=0.21s
2026-10-09 07:32:47.992 - AgenticReplayTiming - INFO - Global system-idle cap summary: limit=10s, jumps=0, skipped=0.000s
2026-10-09 07:32:47.993 - AgenticReplayTiming - INFO - WARMUP cache pressure handoff: persisted 4 live streams
2026-10-09 07:32:47.993 - aiperf.timing.branch_orchestrator - INFO - BranchOrchestrator stats: spawned=1 completed=0 errored=0 suspended=0 resumed=0 parents_failed_due_to_child_error=0 joins_suppressed=0 delayed=0
2026-10-09 07:32:47.993 - PhaseRunner - INFO - Session-tree slots for phase warmup: peak_open=4 (target concurrency 4); released 4 still-open at teardown; late_events=0
2026-10-09 07:32:47.993 - ServerMetricsParquetExporter - WARNING - No data to export. Skipping Parquet file creation.
2026-10-09 07:32:47.994 - ServerMetricsAccumulator_5dd439e8 - INFO - Exported server metrics to Parquet: /data/results/smoke-epp/c4/aiperf_artifacts/server_metrics_export.parquet
2026-10-09 07:32:47.998 - aiperf.timing.replay_dependencies - INFO - Replay interval barriers active: 1228 requests, 500 gated turns, join-widths={1: 469, 2: 22, 3: 1, 5: 8}
2026-10-09 07:32:47.998 - AgenticReplayTiming - INFO - PROFILING setup: 4 trajectory lanes; recycle draws roots from the dataset sampler
2026-10-09 07:32:47.998 - AgenticReplayTiming - INFO - PROFILING: 1 rootless + 0 gated-parent lanes of 4 dispatch no root credit at start and hold a lane credit instead (so they still count toward concurrency); rootless lanes recycle into a fresh root once their background subagents drain
2026-10-09 07:32:47.998 - PhaseRunner - NOTICE - Phase profiling (profiling) started | phase_index=0 | profiling_index=0 | target: 120.0s duration
2026-10-09 07:32:47.998 - PhaseRunner - INFO - Waiting for event 'profiling phase sending' with timeout of 119.99948575s
2026-10-09 07:32:47.999 - AgenticReplayTiming - INFO - PROFILING execute: resuming 4 trajectory sessions (spread; first-request spread 36356.0s)
2026-10-09 07:32:48.002 - records_manager - INFO - Credit phase start: profiling
2026-10-09 07:32:48.005 - system_controller - INFO - All results received, initiating shutdown
2026-10-09 07:32:48.008 - RecordExportJSONLWriter_2ed1c827 - ERROR - Tried to flush buffer, but file handle is not open: /data/results/smoke-epp/c4/aiperf_artifacts/profile_export.jsonl
2026-10-09 07:32:48.010 - PhaseRunner - NOTICE - Phase profiling (profiling) sending complete | sent=1, completed=0, in_flight=1 | sessions: sent=1, completed=0
2026-10-09 07:32:48.010 - aiperf.timing.branch_orchestrator - INFO - BranchOrchestrator stats: spawned=1 completed=0 errored=0 suspended=0 resumed=0 parents_failed_due_to_child_error=0 joins_suppressed=0 delayed=0
2026-10-09 07:32:48.010 - aiperf.timing.branch_orchestrator - WARNING - BranchOrchestrator leaked state at cleanup: 0 active_joins, 0 future_joins, 1 tracked children, 1 parents with descendants
2026-10-09 07:32:48.010 - AioHttpClient - ERROR - Error in aiohttp request: ServerDisconnectedError('Server disconnected')
2026-10-09 07:32:48.011 - PhaseRunner - INFO - Session-tree slots for phase profiling: peak_open=4 (target concurrency 4); released 2 still-open at teardown; late_events=0
2026-10-09 07:32:48.011 - PhaseOrchestrator_60046503 - NOTICE - All credits completed
2026-10-09 07:42:35.563 - aiperf.cli_runner._single_run - INFO - Starting AIPerf System
2026-10-09 07:42:35.593 - aiperf.common.scenario.validator - INFO - Scenario 'agentx': setting profiling-phase timing_mode=agentic_replay.
2026-10-09 07:42:35.593 - aiperf.common.scenario.validator - INFO - Scenario 'agentx': injecting extra_inputs.ignore_eos=true (was absent).
2026-10-09 07:42:35.593 - aiperf.common.scenario.validator - INFO - Scenario 'agentx': auto-set --cache-bust=first_turn_prefix (was at default none).
2026-10-09 07:42:35.593 - aiperf.common.scenario.validator - INFO - Scenario 'agentx': auto-set --system-idle-gap-cap-seconds=10.0 (was unset).
2026-10-09 07:42:35.594 - aiperf.common.scenario.validator - WARNING - Scenario violation (override active): --benchmark-duration: got 120.0, required '>=900' (scenario 'agentx' requires duration >= 900s to reach steady state and trigger KV offloading)
2026-10-09 07:42:36.327 - system_controller - INFO - GPU telemetry disabled via --no-gpu-telemetry
2026-10-09 07:42:36.430 - server_metrics_manager - INFO - Server Metrics: Discovered 1 endpoints: ['http://agentx-epp-a-epp:80/metrics']
2026-10-09 07:42:36.445 - system_controller - INFO - Registered Worker Manager (id: 'worker_manager')
2026-10-09 07:42:36.536 - system_controller - INFO - Registered Server Metrics Manager (id: 'server_metrics_manager')
2026-10-09 07:42:36.541 - OTelMetricsResultsProcessor_134473bc - INFO - Telemetry streaming is disabled (set --otel-url and/or --mlflow-tracking-uri to enable)
2026-10-09 07:42:36.545 - RecordExportJSONLWriter_6b724361 - INFO - Record metrics export enabled: /data/results/smoke-epp/c4/aiperf_artifacts/profile_export.jsonl
2026-10-09 07:42:36.592 - system_controller - INFO - Registered Dataset Manager (id: 'dataset_manager')
2026-10-09 07:42:36.614 - system_controller - INFO - Registered Record Processor (id: 'record_processor_3e0bd996')
2026-10-09 07:42:36.659 - system_controller - INFO - Registered Records Manager (id: 'records_manager')
2026-10-09 07:42:36.795 - system_controller - INFO - Registered Worker (id: 'worker_47239b00')
2026-10-09 07:42:36.816 - system_controller - INFO - Registered Worker (id: 'worker_e8cece7e')
2026-10-09 07:42:36.836 - system_controller - INFO - Registered Timing Manager (id: 'timing_manager')
2026-10-09 07:42:36.911 - system_controller - INFO - Registered Worker (id: 'worker_dfe9592e')
2026-10-09 07:42:36.929 - system_controller - INFO - Registered Worker (id: 'worker_072d47f3')
2026-10-09 07:42:37.332 - system_controller - INFO - AIPerf System is CONFIGURING
2026-10-09 07:42:37.332 - system_controller - INFO - Configuring all services to start profiling
2026-10-09 07:42:37.334 - InferenceResultParser_62f731b3 - INFO - Tokenization is disabled for this endpoint, skipping tokenizer configuration
2026-10-09 07:42:37.334 - timing_manager - INFO - Waiting for dataset to be configured before configuring timing
2026-10-09 07:42:37.340 - dataset_manager - INFO - Memory-mapped dataset cache HIT (key=29b96fff689182f030458360f07d0061); skipping tokenizer + composer.
2026-10-09 07:42:37.369 - server_metrics_manager - INFO - Server Metrics: Capturing baseline metrics...
2026-10-09 07:42:37.402 - http://agentx-epp-a-epp:80/metrics - INFO - Skipping unsupported summary metric: http_request_size_bytes
2026-10-09 07:42:37.402 - http://agentx-epp-a-epp:80/metrics - INFO - Skipping unsupported summary metric: http_response_size_bytes
2026-10-09 07:42:37.426 - http://10.100.3.9:8000/metrics - INFO - Skipping unsupported summary metric: http_request_size_bytes
2026-10-09 07:42:37.426 - http://10.100.3.9:8000/metrics - INFO - Skipping unsupported summary metric: http_response_size_bytes
2026-10-09 07:42:37.428 - system_controller - INFO - Server metrics enabled - 2/2 endpoint(s) reachable.
2026-10-09 07:42:37.428 - system_controller - INFO - Waiting for result domains: profile, server_metrics
2026-10-09 07:42:37.821 - aiperf.dataset.mmap_cache - INFO - Restored mmap cache file dataset.dat via copy in 0.480s (0.04 GiB)
2026-10-09 07:42:37.822 - aiperf.dataset.mmap_cache - INFO - Restored mmap cache file index.dat via copy in 0.001s (0.00 GiB)
2026-10-09 07:42:37.822 - aiperf.dataset.mmap_cache - INFO - Restored mmap cache files in 0.482s via dataset=copy index=copy (dataset=0.04 GiB, index=0.00 GiB)
2026-10-09 07:42:37.838 - dataset_manager - INFO - sampling strategy: sequential, unique conversations: 80, unique turn count: 1228
2026-10-09 07:42:37.865 - aiperf.timing.trajectory_source - INFO - TrajectorySource: built 4 trajectories from 8 traces
2026-10-09 07:42:37.865 - aiperf.timing.trajectory_source - INFO -   range cfg=[0.25, 0.75]  observed sample pct: min= 49% median= 55% max= 67%
2026-10-09 07:42:37.865 - aiperf.timing.trajectory_source - INFO -     lane=00  sample_time= 53%  root_next= 45/61  ( 74% turns)  live=1 ready=1  trace_id=002001296e8a8c38ad9d7cc436d691afc602
2026-10-09 07:42:37.865 - aiperf.timing.trajectory_source - INFO -     lane=01  sample_time= 49%  root_next=  5/33  ( 15% turns)  live=1 ready=1  trace_id=006c98de37d819e95b0840e25426bb7ca99d
2026-10-09 07:42:37.865 - aiperf.timing.trajectory_source - INFO -     lane=02  sample_time= 67%  root_next= 24/29  ( 83% turns)  live=1 ready=1  trace_id=00ca01c4aaeccee751ae6285beb54dea262f
2026-10-09 07:42:37.865 - aiperf.timing.trajectory_source - INFO -     lane=03  sample_time= 56%  root_next=  0/16  (  0% turns)  live=1 ready=1  trace_id=0196085d85d2075a50b74cd8795ffbdcea9a
2026-10-09 07:42:37.865 - PhaseOrchestrator_7795f800 - INFO - Initialized 2 phase(s): ['Warmup', 'Profiling']
2026-10-09 07:42:38.086 - dataset_manager - INFO - Dataset client initialized and freed 0 conversations from memory
2026-10-09 07:42:38.087 - system_controller - INFO - All services configured in 0.75 seconds
2026-10-09 07:42:38.087 - system_controller - INFO - AIPerf System is CONFIGURED
2026-10-09 07:42:38.088 - server_metrics_manager - INFO - Server Metrics: Started 2 collector(s) successfully
2026-10-09 07:42:38.089 - system_controller - INFO - All services started profiling successfully
2026-10-09 07:42:38.089 - system_controller - INFO - AIPerf System is PROFILING
2026-10-09 07:42:38.105 - PhaseRunner - NOTICE - Phase warmup (warmup) started | target: 7 requests
2026-10-09 07:42:38.106 - AgenticReplayTiming - INFO - WARMUP execute: dispatching 3 trajectory credits
2026-10-09 07:42:38.107 - records_manager - INFO - Credit phase start: warmup
2026-10-09 07:42:38.107 - AgenticReplayTiming - INFO - WARMUP count budget: 1 additional requests per lane after 3 mandatory snapshot primers
2026-10-09 07:42:38.107 - AgenticReplayTiming - INFO - WARMUP spread: 0.0s ramp aligning 3 request(s) on t* (earliest fires at 0, last at 0.0s)
2026-10-09 07:43:04.092 - aiperf.timing.replay_dependencies - INFO - Replay interval barriers active: 1228 requests, 500 gated turns, join-widths={1: 469, 2: 22, 3: 1, 5: 8}
2026-10-09 07:43:04.092 - AgenticReplayTiming - INFO - WARMUP cache pressure: replaying live trajectories until each lane reaches 1 additional requests with zero idle delay and max_tokens=1
2026-10-09 07:43:04.093 - AgenticReplayTiming - INFO - WARMUP cache pressure request budget reached: 1 additional requests on each of 4 lanes; draining requests
2026-10-09 07:43:04.093 - PhaseRunner - NOTICE - Phase warmup (warmup) sending complete | sent=7, completed=3, in_flight=4 | sessions: sent=3, completed=0
2026-10-09 07:43:08.115 - PhaseRunner - INFO - Phase warmup progress | returned=6/7 | sent=7 | in_flight=1 | errors=0 | elapsed=30.0s
2026-10-09 07:43:11.713 - PhaseRunner - INFO - All accelerated-warmup wire requests returned; preserving paused DAG work for profiling handoff.
2026-10-09 07:43:11.714 - PhaseRunner - NOTICE - Phase warmup (warmup) complete | completed=7, cancelled=0, errors=0 | sessions: completed=0, cancelled=0 | elapsed=33.61s
2026-10-09 07:43:11.715 - AgenticReplayTiming - INFO - Global system-idle cap summary: limit=10s, jumps=0, skipped=0.000s
2026-10-09 07:43:11.715 - AgenticReplayTiming - INFO - WARMUP cache pressure handoff: persisted 4 live streams
2026-10-09 07:43:11.715 - aiperf.timing.branch_orchestrator - INFO - BranchOrchestrator stats: spawned=1 completed=0 errored=0 suspended=0 resumed=0 parents_failed_due_to_child_error=0 joins_suppressed=0 delayed=0
2026-10-09 07:43:11.716 - PhaseRunner - INFO - Session-tree slots for phase warmup: peak_open=4 (target concurrency 4); released 4 still-open at teardown; late_events=0
2026-10-09 07:43:11.715 - server_metrics_manager - INFO - Server Metrics: Warmup complete, capturing final warmup metrics...
2026-10-09 07:43:11.719 - aiperf.timing.replay_dependencies - INFO - Replay interval barriers active: 1228 requests, 500 gated turns, join-widths={1: 469, 2: 22, 3: 1, 5: 8}
2026-10-09 07:43:11.719 - AgenticReplayTiming - INFO - PROFILING setup: 4 trajectory lanes; recycle draws roots from the dataset sampler
2026-10-09 07:43:11.719 - AgenticReplayTiming - INFO - PROFILING: 1 rootless + 0 gated-parent lanes of 4 dispatch no root credit at start and hold a lane credit instead (so they still count toward concurrency); rootless lanes recycle into a fresh root once their background subagents drain
2026-10-09 07:43:11.719 - PhaseRunner - NOTICE - Phase profiling (profiling) started | phase_index=0 | profiling_index=0 | target: 120.0s duration
2026-10-09 07:43:11.720 - PhaseRunner - INFO - Waiting for event 'profiling phase sending' with timeout of 119.999555521s
2026-10-09 07:43:11.720 - AgenticReplayTiming - INFO - PROFILING execute: resuming 4 trajectory sessions (spread; first-request spread 36356.0s)
2026-10-09 07:43:11.720 - records_manager - INFO - Credit phase start: profiling
2026-10-09 07:43:36.632 - records_manager - INFO - [realtime 00:24 profiling]
2026-10-09 07:43:36.632 - records_manager - INFO -   rps=0.0 (avg 0.0)  tput_in=7,517/s  tput_out=132/s  done=1 ok=1 err=0
2026-10-09 07:43:36.632 - records_manager - INFO -   ttft    p50=   656ms  p75=   656ms  p95=   656ms  p99=   656ms
2026-10-09 07:43:36.632 - records_manager - INFO -   itl     p50=     7ms  p75=     7ms  p95=     7ms  p99=     7ms
2026-10-09 07:43:36.632 - records_manager - INFO -   e2e     p50=22,176ms  p75=22,176ms  p95=22,176ms  p99=22,176ms
2026-10-09 07:43:36.632 - records_manager - INFO -   intvty  p50=     136  p75=     136  p95=     136  p99=     136  (1/tpot tok/s)
2026-10-09 07:43:36.632 - records_manager - INFO -   isl     p50= 166,691  p75= 166,691  p90= 166,691  p99= 166,691  (tokens)
2026-10-09 07:43:36.632 - records_manager - INFO -   osl     p50=   2,920  p75=   2,920  p90=   2,920  p99=   2,920  (tokens)
2026-10-09 07:43:36.632 - records_manager - INFO -   tot     in=166,691  out=2,920
2026-10-09 07:43:36.632 - records_manager - INFO -   trace  theoretical_prefix_cache_hit=89.0%
2026-10-09 07:43:36.632 - records_manager - INFO -   srv    prefix_cache_hit=99.2% unique_in_srv=2,726 kv_usage=0.0% queue=0r/0w tput_in_srv=13,636/s tput_out_srv=239/s
2026-10-09 07:44:06.669 - records_manager - INFO - [realtime 00:54 profiling]
2026-10-09 07:44:06.669 - records_manager - INFO -   rps=0.1 (avg 0.1)  tput_in=12,701/s  tput_out=72/s  done=4 ok=4 err=0
2026-10-09 07:44:06.669 - records_manager - INFO -   ttft    p50=  607ms  p75=   685ms  p95=   755ms  p99=   768ms
2026-10-09 07:44:06.669 - records_manager - INFO -   itl     p50=    7ms  p75=     7ms  p95=     7ms  p99=     7ms
2026-10-09 07:44:06.669 - records_manager - INFO -   e2e     p50=3,695ms  p75=10,196ms  p95=19,780ms  p99=21,697ms
2026-10-09 07:44:06.669 - records_manager - INFO -   intvty  p50=    142  p75=     189  p95=     288  p99=     308  (1/tpot tok/s)
2026-10-09 07:44:06.669 - records_manager - INFO -   isl     p50=168,720  p75= 168,961  p90= 169,112  p99= 169,202  (tokens)
2026-10-09 07:44:06.669 - records_manager - INFO -   osl     p50=    438  p75=   1,316  p90=   2,278  p99=   2,856  (tokens)
2026-10-09 07:44:06.669 - records_manager - INFO -   tot     in=673,342  out=3,811
2026-10-09 07:44:06.669 - records_manager - INFO -   trace  theoretical_prefix_cache_hit=92.2%
2026-10-09 07:44:06.669 - records_manager - INFO -   srv    prefix_cache_hit=94.1% unique_in_srv=84,496 kv_usage=1.7% queue=1r/0w tput_in_srv=26,104/s tput_out_srv=143/s
2026-10-09 07:44:36.726 - records_manager - INFO - [realtime 01:25 profiling]
2026-10-09 07:44:36.726 - records_manager - INFO -   rps=0.2 (avg 0.1)  tput_in=10,802/s  tput_out=79/s  done=9 ok=9 err=0
2026-10-09 07:44:36.726 - records_manager - INFO -   ttft    p50=  557ms  p75=  772ms  p95=   965ms  p99=   974ms
2026-10-09 07:44:36.726 - records_manager - INFO -   itl     p50=    5ms  p75=    7ms  p95=     7ms  p99=     7ms
2026-10-09 07:44:36.726 - records_manager - INFO -   e2e     p50=3,697ms  p75=3,794ms  p95=15,787ms  p99=20,898ms
2026-10-09 07:44:36.726 - records_manager - INFO -   intvty  p50=    192  p75=    193  p95=     265  p99=     303  (1/tpot tok/s)
2026-10-09 07:44:36.726 - records_manager - INFO -   isl     p50= 49,709  p75=168,562  p90= 168,944  p99= 169,185  (tokens)
2026-10-09 07:44:36.726 - records_manager - INFO -   osl     p50=    548  p75=    670  p90=   1,209  p99=   2,749  (tokens)
2026-10-09 07:44:36.726 - records_manager - INFO -   tot     in=891,194  out=6,556
2026-10-09 07:44:36.726 - records_manager - INFO -   trace  theoretical_prefix_cache_hit=89.1%
2026-10-09 07:44:36.726 - records_manager - INFO -   srv    prefix_cache_hit=91.0% unique_in_srv=159,636 kv_usage=0.0% queue=0r/0w tput_in_srv=21,090/s tput_out_srv=155/s
2026-10-09 07:45:06.790 - records_manager - INFO - [realtime 01:55 profiling]
2026-10-09 07:45:06.790 - records_manager - INFO -   rps=0.1 (avg 0.1)  tput_in=8,523/s  tput_out=84/s  done=11 ok=11 err=0
2026-10-09 07:45:06.790 - records_manager - INFO -   ttft    p50=  499ms  p75=  714ms  p95=   963ms  p99=   973ms
2026-10-09 07:45:06.790 - records_manager - INFO -   itl     p50=    5ms  p75=    6ms  p95=     7ms  p99=     7ms
2026-10-09 07:45:06.790 - records_manager - INFO -   e2e     p50=3,697ms  p75=4,998ms  p95=18,508ms  p99=21,443ms
2026-10-09 07:45:06.790 - records_manager - INFO -   intvty  p50=    192  p75=    194  p95=     262  p99=     302  (1/tpot tok/s)
2026-10-09 07:45:06.790 - records_manager - INFO -   isl     p50= 49,709  p75=167,626  p90= 168,877  p99= 169,178  (tokens)
2026-10-09 07:45:06.790 - records_manager - INFO -   osl     p50=    548  p75=    726  p90=   2,719  p99=   2,900  (tokens)
2026-10-09 07:45:06.791 - records_manager - INFO -   tot     in=960,141  out=9,419
2026-10-09 07:45:06.791 - records_manager - INFO -   trace  theoretical_prefix_cache_hit=88.5%
2026-10-09 07:45:06.791 - records_manager - INFO -   srv    prefix_cache_hit=89.7% unique_in_srv=198,106 kv_usage=0.0% queue=0r/0w tput_in_srv=16,763/s tput_out_srv=164/s
2026-10-09 07:45:11.720 - PhaseRunner - INFO - Timeout of 119.999555521s elapsed for event 'profiling phase sending'
2026-10-09 07:45:11.720 - PhaseRunner - NOTICE - Phase profiling (profiling) sending complete | sent=13, completed=13, in_flight=0 | sessions: sent=2, completed=1 | timeout_triggered=True
2026-10-09 07:45:11.721 - PhaseRunner - INFO - Waiting for event 'profiling phase credits returned' with timeout of 29.998663971s
2026-10-09 07:45:11.722 - records_manager - INFO - Sent 13 requests. Waiting for all to complete...
2026-10-09 07:45:36.863 - records_manager - INFO - [realtime 02:25 profiling]
2026-10-09 07:45:36.863 - records_manager - INFO -   rps=0.1 (avg 0.1)  tput_in=8,378/s  tput_out=81/s  done=13 ok=13 err=0
2026-10-09 07:45:36.863 - records_manager - INFO -   ttft    p50=  374ms  p75=  656ms  p95=   960ms  p99=   973ms
2026-10-09 07:45:36.863 - records_manager - INFO -   itl     p50=    5ms  p75=    5ms  p95=     7ms  p99=     7ms
2026-10-09 07:45:36.863 - records_manager - INFO -   e2e     p50=3,516ms  p75=3,794ms  p95=17,774ms  p99=21,296ms
2026-10-09 07:45:36.863 - records_manager - INFO -   intvty  p50=    193  p75=    210  p95=     252  p99=     301  (1/tpot tok/s)
2026-10-09 07:45:36.863 - records_manager - INFO -   isl     p50= 44,833  p75=166,691  p90= 168,814  p99= 169,172  (tokens)
2026-10-09 07:45:36.863 - records_manager - INFO -   osl     p50=    496  p75=    670  p90=   2,331  p99=   2,896  (tokens)
2026-10-09 07:45:36.863 - records_manager - INFO -   tot     in=995,807  out=9,645
2026-10-09 07:45:36.863 - records_manager - INFO -   trace  theoretical_prefix_cache_hit=88.7%
2026-10-09 07:45:36.863 - records_manager - INFO -   srv    prefix_cache_hit=90.0% unique_in_srv=198,814 kv_usage=0.0% queue=0r/0w tput_in_srv=13,775/s tput_out_srv=133/s
2026-10-09 07:45:41.720 - PhaseRunner - INFO - Timeout of 29.998663971s elapsed for event 'profiling phase credits returned'
2026-10-09 07:45:41.720 - PhaseRunner - WARNING - Phase profiling timed out, cancelling all credits. Stats: sent=13, completed=13, cancelled=0, in_flight=0
2026-10-09 07:45:41.720 - PhaseRunner - INFO - Waiting for all cancelled credits to be returned for phase profiling. Need 0 more credits.
2026-10-09 07:45:41.720 - PhaseRunner - INFO - All credits already returned after cancel for phase profiling. Skipping drain wait.
2026-10-09 07:45:41.721 - PhaseRunner - INFO - All cancelled credits returned for phase profiling
2026-10-09 07:45:41.721 - PhaseRunner - NOTICE - Phase profiling (profiling) complete | completed=13, cancelled=0, errors=0 | sessions: completed=1, cancelled=0 | elapsed=150.00s | grace_period_timeout=True
2026-10-09 07:45:41.721 - AgenticReplayTiming - INFO - Global system-idle cap summary: limit=10s, jumps=5, skipped=788.510s
2026-10-09 07:45:41.721 - aiperf.timing.branch_orchestrator - INFO - BranchOrchestrator stats: spawned=3 completed=0 errored=0 suspended=1 resumed=0 parents_failed_due_to_child_error=0 joins_suppressed=0 delayed=2
2026-10-09 07:45:41.721 - aiperf.timing.branch_orchestrator - WARNING - BranchOrchestrator leaked state at cleanup: 1 active_joins, 0 future_joins, 3 tracked children, 2 parents with descendants
2026-10-09 07:45:41.721 - aiperf.timing.branch_orchestrator - WARNING - Abandoned pending join for parent d5332f8d-891c-48e7-8527-876336a73c96 (outstanding=2, gated_turn_index=6, age_ms=63258)
2026-10-09 07:45:41.722 - PhaseRunner - INFO - Session-tree slots for phase profiling: peak_open=4 (target concurrency 4); released 2 still-open at teardown; late_events=0
2026-10-09 07:45:41.722 - PhaseOrchestrator_7795f800 - NOTICE - All credits completed
2026-10-09 07:45:41.722 - records_manager - INFO - Received CREDIT_PHASE_COMPLETE message, Phase complete: PhaseRecordsStats(phase=CreditPhase.PROFILING, phase_index=0, profiling_index=0, phase_name='profiling', phase_kind='profiling', start_ns=1791531791719699574, sent_end_ns=1791531911720441094, requests_end_ns=1791531941721107010, baseline_start_ns=1791531791719674214, baseline_end_ns=1791531941721118480, total_expected_requests=None, expected_duration_sec=None, expected_num_sessions=None, expected_grace_period_sec=None, final_requests_sent=None, final_requests_completed=13, final_requests_cancelled=0, final_request_errors=0, final_sent_sessions=None, final_completed_sessions=None, final_cancelled_sessions=None, timeout_triggered=True, grace_period_timeout_triggered=True, was_cancelled=False, records_end_ns=None, success_records=13, error_records=0)
2026-10-09 07:45:41.722 - records_manager - NOTICE - All requests have completed, please wait for the results to be processed (currently 13 of 13 records processed)...
2026-10-09 07:45:41.722 - system_controller - INFO - Received credits complete from 'timing_manager'
2026-10-09 07:45:41.723 - records_manager - INFO - Processed 13 valid requests and 0 errors (13 total).
2026-10-09 07:45:41.723 - records_manager - INFO - Received all records, processing now...
2026-10-09 07:45:41.723 - records_manager - INFO - All credits complete, please wait for the results to be processed...
2026-10-09 07:45:41.724 - server_metrics_manager - INFO - Server Metrics: Profiling complete, capturing final metrics...
2026-10-09 07:45:41.725 - records_manager - INFO - Waiting 2.0s for server metrics flush period...
2026-10-09 07:45:43.722 - records_manager - INFO - Processing records results...
2026-10-09 07:45:43.815 - records_manager - INFO - Skipping profiling metric coverage validation for 'profiling': configured duration 120.0s is below scenario minimum 900s.
2026-10-09 07:45:43.834 - system_controller - INFO - Waiting for result domains: server_metrics
2026-10-09 07:45:47.328 - ServerMetricsParquetExporter - INFO - Parquet export complete: /data/results/smoke-epp/c4/aiperf_artifacts/server_metrics_export.parquet, 111,549 rows.
2026-10-09 07:45:47.330 - ServerMetricsAccumulator_07be4683 - INFO - Exported server metrics to Parquet: /data/results/smoke-epp/c4/aiperf_artifacts/server_metrics_export.parquet
2026-10-09 07:45:47.423 - records_manager - INFO - _finalize_and_process_results completed
2026-10-09 07:45:47.799 - system_controller - INFO - All results received, initiating shutdown
2026-10-09 07:45:48.405 - ExporterManager - INFO - Exporting all records
2026-10-09 07:45:48.805 - ExporterManager - INFO - Exporting console data
