analyzing results/thunder-60m/c12
analyzing results/thunder-60m/c16
analyzing results/thunder-60m/c20
analyzing results/thunder-60m/c24
analyzing results/thunder-60m/c32
analyzing results/baseline-60m/c12
analyzing results/baseline-60m/c16
analyzing results/baseline-60m/c20
analyzing results/baseline-60m/c24
analyzing results/baseline-60m/c32
analyzing results/offload-thunder-60m/c128
analyzing results/offload-thunder-60m/c192
analyzing results/offload-thunder-60m/c32
analyzing results/offload-thunder-60m/c64
analyzing results/offload-thunder-60m/c96
analyzing results/offload-baseline-60m/c128
analyzing results/offload-baseline-60m/c192
analyzing results/offload-baseline-60m/c32
analyzing results/offload-baseline-60m/c64
analyzing results/offload-baseline-60m/c96
wrote results/compare-all/report/c12-thunder-60m/timeline.png
wrote results/compare-all/report/c12-thunder-60m/cache.png
wrote results/compare-all/report/c12-thunder-60m/prefill.png
wrote results/compare-all/report/c12-thunder-60m/latency.png
wrote results/compare-all/report/c12-thunder-60m/isl-osl.png
wrote results/compare-all/report/c12-thunder-60m/gate.png
wrote results/compare-all/report/c16-thunder-60m/timeline.png
wrote results/compare-all/report/c16-thunder-60m/cache.png
wrote results/compare-all/report/c16-thunder-60m/prefill.png
wrote results/compare-all/report/c16-thunder-60m/latency.png
wrote results/compare-all/report/c16-thunder-60m/isl-osl.png
wrote results/compare-all/report/c16-thunder-60m/gate.png
wrote results/compare-all/report/c20-thunder-60m/timeline.png
wrote results/compare-all/report/c20-thunder-60m/cache.png
wrote results/compare-all/report/c20-thunder-60m/prefill.png
wrote results/compare-all/report/c20-thunder-60m/latency.png
wrote results/compare-all/report/c20-thunder-60m/isl-osl.png
wrote results/compare-all/report/c20-thunder-60m/gate.png
wrote results/compare-all/report/c24-thunder-60m/timeline.png
wrote results/compare-all/report/c24-thunder-60m/cache.png
wrote results/compare-all/report/c24-thunder-60m/prefill.png
wrote results/compare-all/report/c24-thunder-60m/latency.png
wrote results/compare-all/report/c24-thunder-60m/isl-osl.png
wrote results/compare-all/report/c24-thunder-60m/gate.png
wrote results/compare-all/report/c32-thunder-60m/timeline.png
wrote results/compare-all/report/c32-thunder-60m/cache.png
wrote results/compare-all/report/c32-thunder-60m/prefill.png
wrote results/compare-all/report/c32-thunder-60m/latency.png
wrote results/compare-all/report/c32-thunder-60m/isl-osl.png
wrote results/compare-all/report/c32-thunder-60m/gate.png
wrote results/compare-all/report/c12-baseline-60m/timeline.png
wrote results/compare-all/report/c12-baseline-60m/cache.png
wrote results/compare-all/report/c12-baseline-60m/prefill.png
wrote results/compare-all/report/c12-baseline-60m/latency.png
wrote results/compare-all/report/c12-baseline-60m/isl-osl.png
wrote results/compare-all/report/c16-baseline-60m/timeline.png
wrote results/compare-all/report/c16-baseline-60m/cache.png
wrote results/compare-all/report/c16-baseline-60m/prefill.png
wrote results/compare-all/report/c16-baseline-60m/latency.png
wrote results/compare-all/report/c16-baseline-60m/isl-osl.png
wrote results/compare-all/report/c20-baseline-60m/timeline.png
wrote results/compare-all/report/c20-baseline-60m/cache.png
wrote results/compare-all/report/c20-baseline-60m/prefill.png
wrote results/compare-all/report/c20-baseline-60m/latency.png
wrote results/compare-all/report/c20-baseline-60m/isl-osl.png
wrote results/compare-all/report/c24-baseline-60m/timeline.png
wrote results/compare-all/report/c24-baseline-60m/cache.png
wrote results/compare-all/report/c24-baseline-60m/prefill.png
wrote results/compare-all/report/c24-baseline-60m/latency.png
wrote results/compare-all/report/c24-baseline-60m/isl-osl.png
wrote results/compare-all/report/c32-baseline-60m/timeline.png
wrote results/compare-all/report/c32-baseline-60m/cache.png
wrote results/compare-all/report/c32-baseline-60m/prefill.png
wrote results/compare-all/report/c32-baseline-60m/latency.png
wrote results/compare-all/report/c32-baseline-60m/isl-osl.png
wrote results/compare-all/report/c128-offload-thunder-60m/timeline.png
wrote results/compare-all/report/c128-offload-thunder-60m/cache.png
wrote results/compare-all/report/c128-offload-thunder-60m/prefill.png
wrote results/compare-all/report/c128-offload-thunder-60m/latency.png
wrote results/compare-all/report/c128-offload-thunder-60m/isl-osl.png
wrote results/compare-all/report/c128-offload-thunder-60m/gate.png
wrote results/compare-all/report/c192-offload-thunder-60m/timeline.png
wrote results/compare-all/report/c192-offload-thunder-60m/cache.png
wrote results/compare-all/report/c192-offload-thunder-60m/prefill.png
wrote results/compare-all/report/c192-offload-thunder-60m/latency.png
wrote results/compare-all/report/c192-offload-thunder-60m/isl-osl.png
wrote results/compare-all/report/c192-offload-thunder-60m/gate.png
wrote results/compare-all/report/c32-offload-thunder-60m/timeline.png
wrote results/compare-all/report/c32-offload-thunder-60m/cache.png
wrote results/compare-all/report/c32-offload-thunder-60m/prefill.png
wrote results/compare-all/report/c32-offload-thunder-60m/latency.png
wrote results/compare-all/report/c32-offload-thunder-60m/isl-osl.png
wrote results/compare-all/report/c32-offload-thunder-60m/gate.png
wrote results/compare-all/report/c64-offload-thunder-60m/timeline.png
wrote results/compare-all/report/c64-offload-thunder-60m/cache.png
wrote results/compare-all/report/c64-offload-thunder-60m/prefill.png
wrote results/compare-all/report/c64-offload-thunder-60m/latency.png
wrote results/compare-all/report/c64-offload-thunder-60m/isl-osl.png
wrote results/compare-all/report/c64-offload-thunder-60m/gate.png
wrote results/compare-all/report/c96-offload-thunder-60m/timeline.png
wrote results/compare-all/report/c96-offload-thunder-60m/cache.png
wrote results/compare-all/report/c96-offload-thunder-60m/prefill.png
wrote results/compare-all/report/c96-offload-thunder-60m/latency.png
wrote results/compare-all/report/c96-offload-thunder-60m/isl-osl.png
wrote results/compare-all/report/c96-offload-thunder-60m/gate.png
wrote results/compare-all/report/c128-offload-baseline-60m/timeline.png
wrote results/compare-all/report/c128-offload-baseline-60m/cache.png
wrote results/compare-all/report/c128-offload-baseline-60m/prefill.png
wrote results/compare-all/report/c128-offload-baseline-60m/latency.png
wrote results/compare-all/report/c128-offload-baseline-60m/isl-osl.png
wrote results/compare-all/report/c192-offload-baseline-60m/timeline.png
wrote results/compare-all/report/c192-offload-baseline-60m/cache.png
wrote results/compare-all/report/c192-offload-baseline-60m/prefill.png
wrote results/compare-all/report/c192-offload-baseline-60m/latency.png
wrote results/compare-all/report/c192-offload-baseline-60m/isl-osl.png
wrote results/compare-all/report/c32-offload-baseline-60m/timeline.png
wrote results/compare-all/report/c32-offload-baseline-60m/cache.png
wrote results/compare-all/report/c32-offload-baseline-60m/prefill.png
wrote results/compare-all/report/c32-offload-baseline-60m/latency.png
wrote results/compare-all/report/c32-offload-baseline-60m/isl-osl.png
wrote results/compare-all/report/c64-offload-baseline-60m/timeline.png
wrote results/compare-all/report/c64-offload-baseline-60m/cache.png
wrote results/compare-all/report/c64-offload-baseline-60m/prefill.png
wrote results/compare-all/report/c64-offload-baseline-60m/latency.png
wrote results/compare-all/report/c64-offload-baseline-60m/isl-osl.png
wrote results/compare-all/report/c96-offload-baseline-60m/timeline.png
wrote results/compare-all/report/c96-offload-baseline-60m/cache.png
wrote results/compare-all/report/c96-offload-baseline-60m/prefill.png
wrote results/compare-all/report/c96-offload-baseline-60m/latency.png
wrote results/compare-all/report/c96-offload-baseline-60m/isl-osl.png
wrote results/compare-all/report/pareto.png
wrote results/compare-all/report/concurrency.png
# AgentX sweep report

## Whole profiling window (AgentX)

| label                |   conc |   completed |   errors |   total_tput_per_gpu |   output_tput_per_gpu |   p90_intvty |   p90_ttft_s |   p90_e2el_s |   p90_e2e_norm_intvty |   overall_hit_pct |   theoretical_hit_pct |   kv_usage_avg_pct |   waiting_avg_sum |   preemptions |   goodput_output_tput |   working_set_over_pool_mean |   batch_B |   step_time_T_ms |   gate_delayed_dispatches |   gate_pauses |   gate_starvation_promotions |   epp_queue_wait_p90_s |
|:---------------------|-------:|------------:|---------:|---------------------:|----------------------:|-------------:|-------------:|-------------:|----------------------:|------------------:|----------------------:|-------------------:|------------------:|--------------:|----------------------:|-----------------------------:|----------:|-----------------:|--------------------------:|--------------:|-----------------------------:|-----------------------:|
| baseline-60m         |     12 |        1361 |        0 |             1.88e+04 |                 170   |        39    |     1.33     |    40.3      |                33.3   |              93.3 |                  96   |               37.1 |            0.0525 |             0 |                 339   |                        0.723 |      6.06 |             17   |                       nan |           nan |                          nan |             nan        |
| baseline-60m         |     16 |        1156 |        0 |             1.65e+04 |                 144   |        15.2  |     9.18     |    96.9      |                10.7   |              84.7 |                  96.3 |               66.8 |            0.649  |             2 |                 287   |                        0.948 |      9.25 |             29.3 |                       nan |           nan |                          nan |             nan        |
| baseline-60m         |     20 |         985 |        0 |             1.24e+04 |                 109   |         6.78 |    48.4      |   165        |                 2.89  |              60.9 |                  95.6 |               83.2 |            2.64   |             2 |                 205   |                        1.18  |     12.5  |             52.8 |                       nan |           nan |                          nan |             nan        |
| baseline-60m         |     24 |         822 |        0 |             9.39e+03 |                  76.9 |         4.63 |    74.1      |   229        |                 1.69  |              29.7 |                  94.9 |               87.4 |            7.45   |             4 |                 122   |                        1.24  |     13.4  |             74.2 |                       nan |           nan |                          nan |             nan        |
| baseline-60m         |     32 |         899 |        0 |             9.6e+03  |                  75.8 |         5.37 |   154        |   283        |                 0.755 |              27.8 |                  94.3 |               87.3 |           23      |             3 |                  35.1 |                        1.67  |     12.9  |             73.3 |                       nan |           nan |                          nan |             nan        |
| offload-baseline-60m |     32 |        1594 |        0 |             2.08e+04 |                 173   |        18    |    67.7      |   134        |                 1.9   |              95.3 |                  95.8 |               89.9 |           16.6    |           171 |                 280   |                        1.88  |     14.1  |             39.3 |                       nan |           nan |                          nan |             nan        |
| offload-baseline-60m |     64 |        1601 |        0 |             1.96e+04 |                 177   |        16    |   205        |   262        |                 0.642 |              92.5 |                  95.1 |               92.4 |           60.4    |           287 |                  53.3 |                        3.48  |     19.3  |             47.5 |                       nan |           nan |                          nan |             nan        |
| offload-baseline-60m |     96 |         690 |        0 |             8.07e+03 |                  78.7 |         6.56 |   837        |   973        |                 0.183 |              30.5 |                  94.4 |               92.6 |          104      |           113 |                  48.8 |                        4.59  |     21    |            107   |                       nan |           nan |                          nan |             nan        |
| offload-baseline-60m |    128 |         785 |        0 |             7.68e+03 |                  93.2 |         5.98 |     1.17e+03 |     1.26e+03 |                 0.148 |              23.5 |                  92.5 |               92.7 |          176      |            87 |                  43.7 |                        5.6   |     25.4  |            109   |                       nan |           nan |                          nan |             nan        |
| offload-baseline-60m |    192 |         752 |        0 |             7.61e+03 |                  82.8 |         5.14 |     1.73e+03 |     1.82e+03 |                 0.107 |              20.2 |                  90.9 |               92.8 |          268      |           105 |                  26.5 |                        7.32  |     23.4  |            116   |                       nan |           nan |                          nan |             nan        |
| offload-thunder-60m  |     32 |        1818 |        0 |             2.32e+04 |                 189   |        20    |     6.37     |   107        |                13.3   |              95.3 |                  95.9 |               82.7 |            0.286  |             7 |                 355   |                        1.68  |     13.8  |             35.3 |                       139 |           201 |                            8 |               0.000473 |
| offload-thunder-60m  |     64 |        1688 |        0 |             1.98e+04 |                 180   |        18.1  |   103        |   196        |                 3.81  |              90.2 |                  95.6 |               85.2 |            8.47   |            20 |                 292   |                        3.25  |     18.9  |             46.1 |                       204 |           305 |                           37 |               0.000488 |
| offload-thunder-60m  |     96 |        1627 |        0 |             1.63e+04 |                 168   |        14.2  |   205        |   356        |                 1.92  |              79.5 |                  94.6 |               87.6 |           25.1    |            23 |                 280   |                        4.25  |     23.4  |             60.2 |                       324 |           365 |                           75 |               0.000926 |
| offload-thunder-60m  |    128 |        2224 |        0 |             1.68e+04 |                 223   |        13.3  |   190        |   300        |                 1.85  |              76.8 |                  93.1 |               85.6 |           41.3    |            18 |                 375   |                        5.22  |     32.6  |             64.7 |                       676 |           733 |                          144 |               0.000963 |
| offload-thunder-60m  |    192 |        2536 |        0 |             1.75e+04 |                 227   |        13    |   167        |   261        |                 2.08  |              76.9 |                  92.7 |               82.7 |           78.9    |            22 |                 384   |                        6.1   |     33.6  |             62   |                       828 |           831 |                          243 |               0.175    |
| thunder-60m          |     12 |        1361 |        0 |             1.88e+04 |                 169   |        38.8  |     1.39     |    39.5      |                31.6   |              93.2 |                  96   |               37.1 |            0.0701 |             0 |                 338   |                        0.721 |      6.05 |             17   |                       nan |            86 |                            0 |               9.52e-05 |
| thunder-60m          |     16 |        1296 |        0 |             1.86e+04 |                 172   |        20.6  |     3.38     |    78.3      |                16.8   |              90.3 |                  96.4 |               62.5 |            0.159  |             0 |                 343   |                        0.97  |      9.34 |             26.4 |                         6 |           115 |                            0 |               9.86e-05 |
| thunder-60m          |     20 |        1529 |        0 |             1.89e+04 |                 161   |        17    |     5.48     |   102        |                12.3   |              86.9 |                  95.7 |               77.7 |            0.359  |             2 |                 305   |                        1.13  |     12.9  |             37.2 |                        73 |           168 |                            0 |               0.000448 |
| thunder-60m          |     24 |        1343 |        0 |             1.66e+04 |                 148   |        11.4  |    14.2      |   124        |                 7.02  |              81.2 |                  95.4 |               82.7 |            0.843  |             2 |                 279   |                        1.42  |     13.7  |             44.2 |                        67 |           142 |                            5 |               0.00037  |
| thunder-60m          |     32 |        1269 |        0 |             1.57e+04 |                 115   |         8.85 |    43.3      |   160        |                 4.31  |              72.8 |                  95.8 |               85   |            1.77   |             3 |                 207   |                        1.55  |     13.2  |             53.1 |                        78 |           114 |                           13 |               0.000451 |

## Steady state: requests started after minute 5 (sweep figures use these)

| label                |   conc |   ss_completed |   ss_total_tput_per_gpu |   ss_output_tput_per_gpu |   ss_p50_intvty |   ss_p90_intvty |   ss_p50_ttft_s |   ss_p90_ttft_s |   ss_goodput_output_tput |   ss_overall_hit_pct |   ss_kv_usage_avg_pct |   ss_waiting_avg_sum |
|:---------------------|-------:|---------------:|------------------------:|-------------------------:|----------------:|----------------:|----------------:|----------------:|-------------------------:|---------------------:|----------------------:|---------------------:|
| baseline-60m         |     12 |           1241 |                1.89e+04 |                    175   |           53.8  |           38.3  |        0.49     |        1.38     |                   350    |                 93.1 |                  39.4 |               0.0566 |
| baseline-60m         |     16 |           1074 |                1.69e+04 |                    142   |           27.8  |           14.8  |        0.609    |       10.6      |                   284    |                 84.2 |                  71.9 |               0.708  |
| baseline-60m         |     20 |            821 |                1.17e+04 |                    102   |           19.8  |            6.13 |        0.988    |       53        |                   191    |                 56.4 |                  89.1 |               2.87   |
| baseline-60m         |     24 |            602 |                7.79e+03 |                     60.5 |            6.57 |            4.51 |       40.9      |       79.6      |                    86.9  |                 13   |                  93.3 |               8.12   |
| baseline-60m         |     32 |            655 |                7.86e+03 |                     61.2 |            7.54 |            5.11 |      126        |      160        |                     1.57 |                 11.4 |                  93.4 |              25.1    |
| offload-baseline-60m |     32 |           1350 |                2.02e+04 |                    167   |           21.1  |           17.7  |       43        |       70.7      |                   261    |                 95.5 |                  96.3 |              18.1    |
| offload-baseline-60m |     64 |           1362 |                1.86e+04 |                    168   |           20.4  |           15.8  |      150        |      210        |                     6.84 |                 92.6 |                  96.3 |              65.8    |
| offload-baseline-60m |     96 |            419 |                5.9e+03  |                     57.1 |            8.63 |            6.26 |      805        |      849        |                     0    |                 12   |                  93.9 |             113      |
| offload-baseline-60m |    128 |            484 |                5.92e+03 |                     64.8 |            8.41 |            5.74 |        1.04e+03 |        1.19e+03 |                     0    |                 12.6 |                  93.7 |             189      |
| offload-baseline-60m |    192 |            447 |                5.72e+03 |                     64.1 |            8.63 |            6.01 |        1.64e+03 |        1.75e+03 |                     0    |                 12.4 |                  93.7 |             288      |
| offload-thunder-60m  |     32 |           1587 |                2.29e+04 |                    188   |           23.7  |           19.7  |        0.666    |        9.42     |                   350    |                 95.5 |                  88.5 |               0.309  |
| offload-thunder-60m  |     64 |           1448 |                1.86e+04 |                    173   |           22.4  |           18    |        0.577    |      120        |                   273    |                 90.3 |                  88.7 |               9.22   |
| offload-thunder-60m  |     96 |           1336 |                1.48e+04 |                    144   |           21.5  |           15    |        0.664    |      218        |                   239    |                 78.7 |                  89.4 |              27.3    |
| offload-thunder-60m  |    128 |           1852 |                1.51e+04 |                    196   |           21.8  |           14.6  |        0.599    |      107        |                   336    |                 75.6 |                  86.3 |              44.9    |
| offload-thunder-60m  |    192 |           2094 |                1.56e+04 |                    209   |           21.7  |           15.5  |        0.537    |      104        |                   355    |                 76.9 |                  84   |              85.7    |
| thunder-60m          |     12 |           1241 |                1.88e+04 |                    174   |           54    |           38.1  |        0.505    |        1.47     |                   348    |                 93   |                  39.4 |               0.0761 |
| thunder-60m          |     16 |           1214 |                1.92e+04 |                    173   |           29.5  |           20.2  |        0.583    |        3.63     |                   344    |                 90.1 |                  67.2 |               0.173  |
| thunder-60m          |     20 |           1365 |                1.87e+04 |                    159   |           23.6  |           16.5  |        0.543    |        6.81     |                   300    |                 86.5 |                  83.1 |               0.389  |
| thunder-60m          |     24 |           1110 |                1.55e+04 |                    141   |           21.5  |           10.9  |        0.669    |       19.1      |                   264    |                 79.5 |                  88.5 |               0.912  |
| thunder-60m          |     32 |           1038 |                1.47e+04 |                    107   |           21.4  |            8.29 |        0.791    |       49.8      |                   189    |                 70.1 |                  90.9 |               1.92   |

## Validity checks

- baseline-60m c=12: light load: hit rate above 85% and KV peak below 80% (BENCHMARK-METRICS calibration rule)
- baseline-60m c=16: server hit 84.7% is 11.6 points below theoretical 96.3%; in-flight working set peaked at 1.14x the KV pool; working set peaked at 1.21x the KV pool (expect evictions)
- baseline-60m c=20: 8 requests cancelled when the grace period ended (not in the exports); server hit 60.9% is 34.7 points below theoretical 95.6%; in-flight working set peaked at 1.34x the KV pool; working set peaked at 1.44x the KV pool (expect evictions)
- baseline-60m c=24: 23 requests cancelled when the grace period ended (not in the exports); server hit 29.7% is 65.2 points below theoretical 94.9%; in-flight working set peaked at 1.46x the KV pool; working set peaked at 1.50x the KV pool (expect evictions)
- baseline-60m c=32: 42 requests cancelled when the grace period ended (not in the exports); server hit 27.8% is 66.6 points below theoretical 94.3%; in-flight working set peaked at 2.12x the KV pool; working set peaked at 2.15x the KV pool (expect evictions)
- offload-baseline-60m c=32: in-flight working set peaked at 2.13x the KV pool; working set peaked at 2.37x the KV pool (expect evictions)
- offload-baseline-60m c=64: in-flight working set peaked at 3.99x the KV pool; working set peaked at 4.19x the KV pool (expect evictions)
- offload-baseline-60m c=96: 129 requests cancelled when the grace period ended (not in the exports); server hit 30.5% is 63.9 points below theoretical 94.4%; in-flight working set peaked at 5.82x the KV pool; working set peaked at 5.85x the KV pool (expect evictions)
- offload-baseline-60m c=128: 255 requests cancelled when the grace period ended (not in the exports); server hit 23.5% is 69.0 points below theoretical 92.5%; in-flight working set peaked at 7.37x the KV pool; working set peaked at 7.51x the KV pool (expect evictions)
- offload-baseline-60m c=192: 315 requests cancelled when the grace period ended (not in the exports); server hit 20.2% is 70.7 points below theoretical 90.9%; in-flight working set peaked at 10.93x the KV pool; working set peaked at 10.93x the KV pool (expect evictions)
- offload-thunder-60m c=32: in-flight working set peaked at 2.20x the KV pool; working set peaked at 2.32x the KV pool (expect evictions); 8 forced admissions: demand is past the pool's capacity
- offload-thunder-60m c=64: in-flight working set peaked at 4.31x the KV pool; working set peaked at 4.44x the KV pool (expect evictions); 37 forced admissions: demand is past the pool's capacity
- offload-thunder-60m c=96: server hit 79.5% is 15.1 points below theoretical 94.6%; in-flight working set peaked at 6.10x the KV pool; working set peaked at 6.12x the KV pool (expect evictions); 75 forced admissions: demand is past the pool's capacity
- offload-thunder-60m c=128: server hit 76.8% is 16.2 points below theoretical 93.1%; in-flight working set peaked at 7.46x the KV pool; working set peaked at 7.55x the KV pool (expect evictions); 144 forced admissions: demand is past the pool's capacity
- offload-thunder-60m c=192: server hit 76.9% is 15.8 points below theoretical 92.7%; in-flight working set peaked at 9.45x the KV pool; working set peaked at 9.60x the KV pool (expect evictions); 243 forced admissions: demand is past the pool's capacity
- thunder-60m c=12: light load: hit rate above 85% and KV peak below 80% (BENCHMARK-METRICS calibration rule)
- thunder-60m c=16: in-flight working set peaked at 1.25x the KV pool; working set peaked at 1.26x the KV pool (expect evictions)
- thunder-60m c=20: in-flight working set peaked at 1.36x the KV pool; working set peaked at 1.48x the KV pool (expect evictions)
- thunder-60m c=24: server hit 81.2% is 14.2 points below theoretical 95.4%; in-flight working set peaked at 1.60x the KV pool; working set peaked at 1.74x the KV pool (expect evictions); 5 forced admissions: demand is past the pool's capacity
- thunder-60m c=32: server hit 72.8% is 23.0 points below theoretical 95.8%; in-flight working set peaked at 2.11x the KV pool; working set peaked at 2.19x the KV pool (expect evictions); 13 forced admissions: demand is past the pool's capacity

