2026-10-09 01:44:08.847 - aiperf.cli_runner._single_run - INFO - Starting AIPerf System
2026-10-09 01:44:08.876 - aiperf.common.scenario.validator - INFO - Scenario 'agentx': setting profiling-phase timing_mode=agentic_replay.
2026-10-09 01:44:08.876 - aiperf.common.scenario.validator - INFO - Scenario 'agentx': injecting extra_inputs.ignore_eos=true (was absent).
2026-10-09 01:44:08.876 - aiperf.common.scenario.validator - INFO - Scenario 'agentx': auto-set --cache-bust=first_turn_prefix (was at default none).
2026-10-09 01:44:08.876 - aiperf.common.scenario.validator - INFO - Scenario 'agentx': auto-set --system-idle-gap-cap-seconds=10.0 (was unset).
2026-10-09 01:44:08.876 - aiperf.common.scenario.validator - WARNING - Scenario violation (override active): --benchmark-duration: got 120.0, required '>=900' (scenario 'agentx' requires duration >= 900s to reach steady state and trigger KV offloading)
2026-10-09 01:44:09.616 - system_controller - INFO - GPU telemetry disabled via --no-gpu-telemetry
2026-10-09 01:44:09.706 - server_metrics_manager - INFO - Server Metrics: Discovered 1 endpoints: ['http://agentx-lane:8000/metrics']
2026-10-09 01:44:09.732 - system_controller - INFO - Registered Worker Manager (id: 'worker_manager')
2026-10-09 01:44:09.802 - OTelMetricsResultsProcessor_e978a513 - INFO - Telemetry streaming is disabled (set --otel-url and/or --mlflow-tracking-uri to enable)
2026-10-09 01:44:09.804 - RecordExportJSONLWriter_629b93fb - INFO - Record metrics export enabled: /data/results/smoke-lane/c4/aiperf_artifacts/profile_export.jsonl
2026-10-09 01:44:09.812 - system_controller - INFO - Registered Server Metrics Manager (id: 'server_metrics_manager')
2026-10-09 01:44:09.874 - system_controller - INFO - Registered Dataset Manager (id: 'dataset_manager')
2026-10-09 01:44:09.895 - system_controller - INFO - Registered Record Processor (id: 'record_processor_eb1036a9')
2026-10-09 01:44:09.916 - system_controller - INFO - Registered Records Manager (id: 'records_manager')
2026-10-09 01:44:10.053 - system_controller - INFO - Registered Worker (id: 'worker_75aa7fa0')
2026-10-09 01:44:10.086 - system_controller - INFO - Registered Worker (id: 'worker_4b562d9e')
2026-10-09 01:44:10.111 - system_controller - INFO - Registered Timing Manager (id: 'timing_manager')
2026-10-09 01:44:10.120 - system_controller - INFO - AIPerf System is CONFIGURING
2026-10-09 01:44:10.120 - system_controller - INFO - Configuring all services to start profiling
2026-10-09 01:44:10.122 - timing_manager - INFO - Waiting for dataset to be configured before configuring timing
2026-10-09 01:44:10.122 - InferenceResultParser_47c33deb - INFO - Tokenization is disabled for this endpoint, skipping tokenizer configuration
2026-10-09 01:44:10.130 - dataset_manager - INFO - Memory-mapped dataset cache HIT (key=29b96fff689182f030458360f07d0061); skipping tokenizer + composer.
2026-10-09 01:44:10.149 - system_controller - INFO - Registered Worker (id: 'worker_1c13a5bd')
2026-10-09 01:44:10.152 - server_metrics_manager - INFO - Server Metrics: Capturing baseline metrics...
2026-10-09 01:44:10.164 - system_controller - INFO - Registered Worker (id: 'worker_96c6df35')
2026-10-09 01:44:10.180 - http://agentx-lane:8000/metrics - INFO - Skipping unsupported summary metric: http_request_size_bytes
2026-10-09 01:44:10.180 - http://agentx-lane:8000/metrics - INFO - Skipping unsupported summary metric: http_response_size_bytes
2026-10-09 01:44:10.202 - http://10.100.13.7:8000/metrics - INFO - Skipping unsupported summary metric: http_request_size_bytes
2026-10-09 01:44:10.202 - http://10.100.13.7:8000/metrics - INFO - Skipping unsupported summary metric: http_response_size_bytes
2026-10-09 01:44:10.204 - system_controller - INFO - Server metrics enabled - 2/2 endpoint(s) reachable.
2026-10-09 01:44:10.204 - system_controller - INFO - Waiting for result domains: profile, server_metrics
2026-10-09 01:44:10.796 - aiperf.dataset.mmap_cache - INFO - Restored mmap cache file dataset.dat via copy in 0.665s (0.04 GiB)
2026-10-09 01:44:10.798 - aiperf.dataset.mmap_cache - INFO - Restored mmap cache file index.dat via copy in 0.002s (0.00 GiB)
2026-10-09 01:44:10.798 - aiperf.dataset.mmap_cache - INFO - Restored mmap cache files in 0.668s via dataset=copy index=copy (dataset=0.04 GiB, index=0.00 GiB)
2026-10-09 01:44:10.808 - dataset_manager - INFO - sampling strategy: sequential, unique conversations: 80, unique turn count: 1228
2026-10-09 01:44:10.832 - system_controller - WARNING - Received command response for service we were not expecting: worker_96c6df35. Ignoring.
2026-10-09 01:44:10.832 - system_controller - WARNING - Received command response for service we were not expecting: worker_1c13a5bd. Ignoring.
2026-10-09 01:44:10.833 - aiperf.timing.trajectory_source - INFO - TrajectorySource: built 4 trajectories from 8 traces
2026-10-09 01:44:10.833 - aiperf.timing.trajectory_source - INFO -   range cfg=[0.25, 0.75]  observed sample pct: min= 49% median= 55% max= 67%
2026-10-09 01:44:10.833 - aiperf.timing.trajectory_source - INFO -     lane=00  sample_time= 53%  root_next= 45/61  ( 74% turns)  live=1 ready=1  trace_id=002001296e8a8c38ad9d7cc436d691afc602
2026-10-09 01:44:10.833 - aiperf.timing.trajectory_source - INFO -     lane=01  sample_time= 49%  root_next=  5/33  ( 15% turns)  live=1 ready=1  trace_id=006c98de37d819e95b0840e25426bb7ca99d
2026-10-09 01:44:10.833 - aiperf.timing.trajectory_source - INFO -     lane=02  sample_time= 67%  root_next= 24/29  ( 83% turns)  live=1 ready=1  trace_id=00ca01c4aaeccee751ae6285beb54dea262f
2026-10-09 01:44:10.833 - aiperf.timing.trajectory_source - INFO -     lane=03  sample_time= 56%  root_next=  0/16  (  0% turns)  live=1 ready=1  trace_id=0196085d85d2075a50b74cd8795ffbdcea9a
2026-10-09 01:44:10.833 - PhaseOrchestrator_0523e57e - INFO - Initialized 2 phase(s): ['Warmup', 'Profiling']
2026-10-09 01:44:11.016 - dataset_manager - INFO - Dataset client initialized and freed 0 conversations from memory
2026-10-09 01:44:11.017 - system_controller - INFO - All services configured in 0.90 seconds
2026-10-09 01:44:11.018 - system_controller - INFO - AIPerf System is CONFIGURED
2026-10-09 01:44:11.019 - server_metrics_manager - INFO - Server Metrics: Started 2 collector(s) successfully
2026-10-09 01:44:11.020 - system_controller - INFO - All services started profiling successfully
2026-10-09 01:44:11.020 - system_controller - INFO - AIPerf System is PROFILING
2026-10-09 01:44:11.039 - PhaseRunner - NOTICE - Phase warmup (warmup) started | target: 7 requests
2026-10-09 01:44:11.040 - AgenticReplayTiming - INFO - WARMUP execute: dispatching 3 trajectory credits
2026-10-09 01:44:11.041 - records_manager - INFO - Credit phase start: warmup
2026-10-09 01:44:11.042 - AgenticReplayTiming - INFO - WARMUP count budget: 1 additional requests per lane after 3 mandatory snapshot primers
2026-10-09 01:44:11.042 - AgenticReplayTiming - INFO - WARMUP spread: 0.0s ramp aligning 3 request(s) on t* (earliest fires at 0, last at 0.0s)
2026-10-09 01:44:37.535 - aiperf.timing.replay_dependencies - INFO - Replay interval barriers active: 1228 requests, 500 gated turns, join-widths={1: 469, 2: 22, 3: 1, 5: 8}
2026-10-09 01:44:37.536 - AgenticReplayTiming - INFO - WARMUP cache pressure: replaying live trajectories until each lane reaches 1 additional requests with zero idle delay and max_tokens=1
2026-10-09 01:44:37.536 - AgenticReplayTiming - INFO - WARMUP cache pressure request budget reached: 1 additional requests on each of 4 lanes; draining requests
2026-10-09 01:44:37.537 - PhaseRunner - NOTICE - Phase warmup (warmup) sending complete | sent=7, completed=3, in_flight=4 | sessions: sent=3, completed=0
2026-10-09 01:44:41.049 - PhaseRunner - INFO - Phase warmup progress | returned=6/7 | sent=7 | in_flight=1 | errors=0 | elapsed=30.0s
2026-10-09 01:44:44.357 - PhaseRunner - INFO - All accelerated-warmup wire requests returned; preserving paused DAG work for profiling handoff.
2026-10-09 01:44:44.357 - PhaseRunner - NOTICE - Phase warmup (warmup) complete | completed=7, cancelled=0, errors=0 | sessions: completed=0, cancelled=0 | elapsed=33.32s
2026-10-09 01:44:44.358 - AgenticReplayTiming - INFO - Global system-idle cap summary: limit=10s, jumps=0, skipped=0.000s
2026-10-09 01:44:44.358 - AgenticReplayTiming - INFO - WARMUP cache pressure handoff: persisted 4 live streams
2026-10-09 01:44:44.359 - aiperf.timing.branch_orchestrator - INFO - BranchOrchestrator stats: spawned=1 completed=0 errored=0 suspended=0 resumed=0 parents_failed_due_to_child_error=0 joins_suppressed=0 delayed=0
2026-10-09 01:44:44.359 - PhaseRunner - INFO - Session-tree slots for phase warmup: peak_open=4 (target concurrency 4); released 4 still-open at teardown; late_events=0
2026-10-09 01:44:44.359 - server_metrics_manager - INFO - Server Metrics: Warmup complete, capturing final warmup metrics...
2026-10-09 01:44:44.362 - aiperf.timing.replay_dependencies - INFO - Replay interval barriers active: 1228 requests, 500 gated turns, join-widths={1: 469, 2: 22, 3: 1, 5: 8}
2026-10-09 01:44:44.362 - AgenticReplayTiming - INFO - PROFILING setup: 4 trajectory lanes; recycle draws roots from the dataset sampler
2026-10-09 01:44:44.362 - AgenticReplayTiming - INFO - PROFILING: 1 rootless + 0 gated-parent lanes of 4 dispatch no root credit at start and hold a lane credit instead (so they still count toward concurrency); rootless lanes recycle into a fresh root once their background subagents drain
2026-10-09 01:44:44.362 - PhaseRunner - NOTICE - Phase profiling (profiling) started | phase_index=0 | profiling_index=0 | target: 120.0s duration
2026-10-09 01:44:44.363 - PhaseRunner - INFO - Waiting for event 'profiling phase sending' with timeout of 119.99942282s
2026-10-09 01:44:44.363 - AgenticReplayTiming - INFO - PROFILING execute: resuming 4 trajectory sessions (spread; first-request spread 36356.0s)
2026-10-09 01:44:44.364 - records_manager - INFO - Credit phase start: profiling
2026-10-09 01:45:09.891 - records_manager - INFO - [realtime 00:25 profiling]
2026-10-09 01:45:09.891 - records_manager - INFO -   rps=0.1 (avg 0.1)  tput_in=13,339/s  tput_out=117/s  done=2 ok=2 err=0
2026-10-09 01:45:09.891 - records_manager - INFO -   ttft    p50=   699ms  p75=   730ms  p95=   755ms  p99=   760ms
2026-10-09 01:45:09.891 - records_manager - INFO -   itl     p50=     5ms  p75=     6ms  p95=     7ms  p99=     7ms
2026-10-09 01:45:09.891 - records_manager - INFO -   e2e     p50=11,270ms  p75=16,501ms  p95=20,686ms  p99=21,523ms
2026-10-09 01:45:09.891 - records_manager - INFO -   intvty  p50=     227  p75=     271  p95=     306  p99=     313  (1/tpot tok/s)
2026-10-09 01:45:09.891 - records_manager - INFO -   isl     p50= 167,784  p75= 168,330  p90= 168,658  p99= 168,855  (tokens)
2026-10-09 01:45:09.891 - records_manager - INFO -   osl     p50=   1,468  p75=   2,194  p90=   2,630  p99=   2,891  (tokens)
2026-10-09 01:45:09.892 - records_manager - INFO -   tot     in=335,568  out=2,936
2026-10-09 01:45:09.892 - records_manager - INFO -   trace  theoretical_prefix_cache_hit=90.3%
2026-10-09 01:45:09.892 - records_manager - INFO -   srv    prefix_cache_hit=99.2% unique_in_srv=2,726 kv_usage=0.0% queue=0r/0w tput_in_srv=13,484/s tput_out_srv=236/s
2026-10-09 01:45:39.922 - records_manager - INFO - [realtime 00:55 profiling]
2026-10-09 01:45:39.922 - records_manager - INFO -   rps=0.1 (avg 0.1)  tput_in=12,855/s  tput_out=73/s  done=4 ok=4 err=0
2026-10-09 01:45:39.922 - records_manager - INFO -   ttft    p50=  600ms  p75=  669ms  p95=   743ms  p99=   757ms
2026-10-09 01:45:39.922 - records_manager - INFO -   itl     p50=    7ms  p75=    7ms  p95=     7ms  p99=     7ms
2026-10-09 01:45:39.922 - records_manager - INFO -   e2e     p50=3,606ms  p75=9,964ms  p95=19,379ms  p99=21,261ms
2026-10-09 01:45:39.922 - records_manager - INFO -   intvty  p50=    146  p75=    193  p95=     290  p99=     310  (1/tpot tok/s)
2026-10-09 01:45:39.922 - records_manager - INFO -   isl     p50=168,720  p75=168,961  p90= 169,112  p99= 169,202  (tokens)
2026-10-09 01:45:39.922 - records_manager - INFO -   osl     p50=    438  p75=  1,316  p90=   2,278  p99=   2,856  (tokens)
2026-10-09 01:45:39.922 - records_manager - INFO -   tot     in=673,342  out=3,811
2026-10-09 01:45:39.922 - records_manager - INFO -   trace  theoretical_prefix_cache_hit=92.2%
2026-10-09 01:45:39.922 - records_manager - INFO -   srv    prefix_cache_hit=94.1% unique_in_srv=84,490 kv_usage=1.7% queue=1r/0w tput_in_srv=25,967/s tput_out_srv=149/s
2026-10-09 01:46:09.973 - records_manager - INFO - [realtime 01:25 profiling]
2026-10-09 01:46:09.974 - records_manager - INFO -   rps=0.2 (avg 0.1)  tput_in=10,911/s  tput_out=80/s  done=9 ok=9 err=0
2026-10-09 01:46:09.974 - records_manager - INFO -   ttft    p50=  562ms  p75=  761ms  p95=   962ms  p99=   972ms
2026-10-09 01:46:09.974 - records_manager - INFO -   itl     p50=    5ms  p75=    7ms  p95=     7ms  p99=     7ms
2026-10-09 01:46:09.974 - records_manager - INFO -   e2e     p50=3,656ms  p75=3,747ms  p95=15,456ms  p99=20,477ms
2026-10-09 01:46:09.974 - records_manager - INFO -   intvty  p50=    194  p75=    196  p95=     268  p99=     305  (1/tpot tok/s)
2026-10-09 01:46:09.974 - records_manager - INFO -   isl     p50= 49,706  p75=168,562  p90= 168,944  p99= 169,185  (tokens)
2026-10-09 01:46:09.974 - records_manager - INFO -   osl     p50=    548  p75=    670  p90=   1,209  p99=   2,749  (tokens)
2026-10-09 01:46:09.974 - records_manager - INFO -   tot     in=891,179  out=6,556
2026-10-09 01:46:09.974 - records_manager - INFO -   trace  theoretical_prefix_cache_hit=89.1%
2026-10-09 01:46:09.974 - records_manager - INFO -   srv    prefix_cache_hit=91.0% unique_in_srv=159,638 kv_usage=0.0% queue=0r/0w tput_in_srv=21,022/s tput_out_srv=155/s
2026-10-09 01:46:40.045 - records_manager - INFO - [realtime 01:55 profiling]
2026-10-09 01:46:40.045 - records_manager - INFO -   rps=0.1 (avg 0.1)  tput_in=8,541/s  tput_out=83/s  done=12 ok=12 err=0
2026-10-09 01:46:40.045 - records_manager - INFO -   ttft    p50=  432ms  p75=  669ms  p95=   957ms  p99=   971ms
2026-10-09 01:46:40.045 - records_manager - INFO -   itl     p50=    5ms  p75=    6ms  p95=     7ms  p99=     7ms
2026-10-09 01:46:40.045 - records_manager - INFO -   e2e     p50=3,564ms  p75=4,321ms  p95=17,853ms  p99=20,956ms
2026-10-09 01:46:40.045 - records_manager - INFO -   intvty  p50=    194  p75=    201  p95=     259  p99=     304  (1/tpot tok/s)
2026-10-09 01:46:40.045 - records_manager - INFO -   isl     p50= 47,268  p75=167,159  p90= 168,846  p99= 169,175  (tokens)
2026-10-09 01:46:40.045 - records_manager - INFO -   osl     p50=    522  p75=    698  p90=   2,525  p99=   2,898  (tokens)
2026-10-09 01:46:40.045 - records_manager - INFO -   tot     in=977,881  out=9,519
2026-10-09 01:46:40.045 - records_manager - INFO -   trace  theoretical_prefix_cache_hit=88.6%
2026-10-09 01:46:40.045 - records_manager - INFO -   srv    prefix_cache_hit=89.8% unique_in_srv=198,514 kv_usage=0.0% queue=0r/0w tput_in_srv=17,034/s tput_out_srv=166/s
2026-10-09 01:46:44.362 - PhaseRunner - INFO - Timeout of 119.99942282s elapsed for event 'profiling phase sending'
2026-10-09 01:46:44.362 - PhaseRunner - NOTICE - Phase profiling (profiling) sending complete | sent=13, completed=13, in_flight=0 | sessions: sent=2, completed=1 | timeout_triggered=True
2026-10-09 01:46:44.363 - PhaseRunner - INFO - Waiting for event 'profiling phase credits returned' with timeout of 29.999503762000003s
2026-10-09 01:46:44.364 - records_manager - INFO - Sent 13 requests. Waiting for all to complete...
2026-10-09 01:47:10.117 - records_manager - INFO - [realtime 02:25 profiling]
2026-10-09 01:47:10.117 - records_manager - INFO -   rps=0.0 (avg 0.1)  tput_in=8,449/s  tput_out=82/s  done=13 ok=13 err=0
2026-10-09 01:47:10.117 - records_manager - INFO -   ttft    p50=  379ms  p75=  638ms  p95=   956ms  p99=   971ms
2026-10-09 01:47:10.118 - records_manager - INFO -   itl     p50=    5ms  p75=    5ms  p95=     7ms  p99=     7ms
2026-10-09 01:47:10.118 - records_manager - INFO -   e2e     p50=3,472ms  p75=3,747ms  p95=17,500ms  p99=20,886ms
2026-10-09 01:47:10.118 - records_manager - INFO -   intvty  p50=    195  p75=    212  p95=     254  p99=     303  (1/tpot tok/s)
2026-10-09 01:47:10.118 - records_manager - INFO -   isl     p50= 44,830  p75=166,691  p90= 168,814  p99= 169,172  (tokens)
2026-10-09 01:47:10.118 - records_manager - INFO -   osl     p50=    496  p75=    670  p90=   2,331  p99=   2,896  (tokens)
2026-10-09 01:47:10.118 - records_manager - INFO -   tot     in=995,780  out=9,645
2026-10-09 01:47:10.118 - records_manager - INFO -   trace  theoretical_prefix_cache_hit=88.7%
2026-10-09 01:47:10.118 - records_manager - INFO -   srv    prefix_cache_hit=90.0% unique_in_srv=198,792 kv_usage=0.0% queue=0r/0w tput_in_srv=13,749/s tput_out_srv=133/s
2026-10-09 01:47:14.363 - PhaseRunner - INFO - Timeout of 29.999503762000003s elapsed for event 'profiling phase credits returned'
2026-10-09 01:47:14.363 - PhaseRunner - WARNING - Phase profiling timed out, cancelling all credits. Stats: sent=13, completed=13, cancelled=0, in_flight=0
2026-10-09 01:47:14.364 - PhaseRunner - INFO - Waiting for all cancelled credits to be returned for phase profiling. Need 0 more credits.
2026-10-09 01:47:14.364 - PhaseRunner - INFO - All credits already returned after cancel for phase profiling. Skipping drain wait.
2026-10-09 01:47:14.364 - PhaseRunner - INFO - All cancelled credits returned for phase profiling
2026-10-09 01:47:14.364 - PhaseRunner - NOTICE - Phase profiling (profiling) complete | completed=13, cancelled=0, errors=0 | sessions: completed=1, cancelled=0 | elapsed=150.00s | grace_period_timeout=True
2026-10-09 01:47:14.365 - AgenticReplayTiming - INFO - Global system-idle cap summary: limit=10s, jumps=4, skipped=788.671s
2026-10-09 01:47:14.365 - aiperf.timing.branch_orchestrator - INFO - BranchOrchestrator stats: spawned=3 completed=0 errored=0 suspended=1 resumed=0 parents_failed_due_to_child_error=0 joins_suppressed=0 delayed=2
2026-10-09 01:47:14.365 - aiperf.timing.branch_orchestrator - WARNING - BranchOrchestrator leaked state at cleanup: 1 active_joins, 0 future_joins, 3 tracked children, 2 parents with descendants
2026-10-09 01:47:14.365 - aiperf.timing.branch_orchestrator - WARNING - Abandoned pending join for parent f5c5333e-f0ab-4707-9837-ceae2a085285 (outstanding=2, gated_turn_index=6, age_ms=64085)
2026-10-09 01:47:14.365 - PhaseRunner - INFO - Session-tree slots for phase profiling: peak_open=4 (target concurrency 4); released 2 still-open at teardown; late_events=0
2026-10-09 01:47:14.365 - PhaseOrchestrator_0523e57e - NOTICE - All credits completed
2026-10-09 01:47:14.366 - records_manager - INFO - Received CREDIT_PHASE_COMPLETE message, Phase complete: PhaseRecordsStats(phase=CreditPhase.PROFILING, phase_index=0, profiling_index=0, phase_name='profiling', phase_kind='profiling', start_ns=1791510284362700902, sent_end_ns=1791510404362598780, requests_end_ns=1791510434364317195, baseline_start_ns=1791510284362664512, baseline_end_ns=1791510434364331085, total_expected_requests=None, expected_duration_sec=None, expected_num_sessions=None, expected_grace_period_sec=None, final_requests_sent=None, final_requests_completed=13, final_requests_cancelled=0, final_request_errors=0, final_sent_sessions=None, final_completed_sessions=None, final_cancelled_sessions=None, timeout_triggered=True, grace_period_timeout_triggered=True, was_cancelled=False, records_end_ns=None, success_records=13, error_records=0)
2026-10-09 01:47:14.366 - records_manager - NOTICE - All requests have completed, please wait for the results to be processed (currently 13 of 13 records processed)...
2026-10-09 01:47:14.366 - records_manager - INFO - Processed 13 valid requests and 0 errors (13 total).
2026-10-09 01:47:14.366 - records_manager - INFO - Received all records, processing now...
2026-10-09 01:47:14.366 - system_controller - INFO - Received credits complete from 'timing_manager'
2026-10-09 01:47:14.367 - records_manager - INFO - All credits complete, please wait for the results to be processed...
2026-10-09 01:47:14.367 - server_metrics_manager - INFO - Server Metrics: Profiling complete, capturing final metrics...
2026-10-09 01:47:14.368 - records_manager - INFO - Waiting 2.0s for server metrics flush period...
2026-10-09 01:47:16.366 - records_manager - INFO - Processing records results...
2026-10-09 01:47:16.545 - records_manager - INFO - Skipping profiling metric coverage validation for 'profiling': configured duration 120.0s is below scenario minimum 900s.
2026-10-09 01:47:16.563 - system_controller - INFO - Waiting for result domains: server_metrics
2026-10-09 01:47:19.654 - ServerMetricsParquetExporter - INFO - Parquet export complete: /data/results/smoke-lane/c4/aiperf_artifacts/server_metrics_export.parquet, 111,910 rows.
2026-10-09 01:47:19.656 - ServerMetricsAccumulator_b54fe313 - INFO - Exported server metrics to Parquet: /data/results/smoke-lane/c4/aiperf_artifacts/server_metrics_export.parquet
2026-10-09 01:47:19.748 - records_manager - INFO - _finalize_and_process_results completed
2026-10-09 01:47:20.148 - system_controller - INFO - All results received, initiating shutdown
2026-10-09 01:47:20.756 - ExporterManager - INFO - Exporting all records
2026-10-09 01:47:21.161 - ExporterManager - INFO - Exporting console data
