2026-10-09 12:56:56.489 - aiperf.cli_runner._single_run - INFO - Starting AIPerf System
2026-10-09 12:56:56.525 - aiperf.common.scenario.validator - INFO - Scenario 'agentx': setting profiling-phase timing_mode=agentic_replay.
2026-10-09 12:56:56.525 - aiperf.common.scenario.validator - INFO - Scenario 'agentx': injecting extra_inputs.ignore_eos=true (was absent).
2026-10-09 12:56:56.525 - aiperf.common.scenario.validator - INFO - Scenario 'agentx': auto-set --cache-bust=first_turn_prefix (was at default none).
2026-10-09 12:56:56.526 - aiperf.common.scenario.validator - INFO - Scenario 'agentx': auto-set --system-idle-gap-cap-seconds=10.0 (was unset).
2026-10-09 12:56:57.469 - system_controller - INFO - GPU telemetry disabled via --no-gpu-telemetry
2026-10-09 12:56:57.505 - system_controller - INFO - Registered Worker Manager (id: 'worker_manager')
2026-10-09 12:56:57.625 - server_metrics_manager - INFO - Server Metrics: Discovered 1 endpoints: ['http://agentx-epp-b-epp:80/metrics']
2026-10-09 12:56:57.806 - OTelMetricsResultsProcessor_554b632b - INFO - Telemetry streaming is disabled (set --otel-url and/or --mlflow-tracking-uri to enable)
2026-10-09 12:56:57.810 - RecordExportJSONLWriter_7b3cd8fb - INFO - Record metrics export enabled: /data/results/offload-thunder-60m/c128/aiperf_artifacts/profile_export.jsonl
2026-10-09 12:56:57.841 - server_metrics_manager - INFO - Connection probe for server_metrics_manager succeeded after 3 attempts (0.2s)
2026-10-09 12:56:57.904 - system_controller - INFO - Registered Server Metrics Manager (id: 'server_metrics_manager')
2026-10-09 12:56:57.907 - system_controller - INFO - Registered Dataset Manager (id: 'dataset_manager')
2026-10-09 12:56:57.953 - system_controller - INFO - Registered Records Manager (id: 'records_manager')
2026-10-09 12:56:57.957 - system_controller - INFO - Registered Record Processor (id: 'record_processor_568b40c6')
2026-10-09 12:56:57.963 - system_controller - INFO - Registered Record Processor (id: 'record_processor_6237d2f5')
2026-10-09 12:56:58.011 - system_controller - INFO - Registered Record Processor (id: 'record_processor_a22fafc6')
2026-10-09 12:56:58.065 - system_controller - INFO - Registered Record Processor (id: 'record_processor_4a1b63ae')
2026-10-09 12:56:58.066 - system_controller - INFO - Registered Record Processor (id: 'record_processor_37e01498')
2026-10-09 12:56:58.232 - system_controller - INFO - Registered Worker (id: 'worker_19bc2a42')
2026-10-09 12:56:58.234 - system_controller - INFO - Registered Worker (id: 'worker_15c99fd2')
2026-10-09 12:56:58.238 - system_controller - INFO - Registered Worker (id: 'worker_dae64218')
2026-10-09 12:56:58.245 - system_controller - INFO - Registered Timing Manager (id: 'timing_manager')
2026-10-09 12:56:58.254 - system_controller - INFO - Registered Worker (id: 'worker_99b1d09c')
2026-10-09 12:56:58.256 - system_controller - INFO - Registered Worker (id: 'worker_f29a73a1')
2026-10-09 12:56:58.270 - system_controller - INFO - Registered Worker (id: 'worker_b90ad2c4')
2026-10-09 12:56:58.285 - system_controller - INFO - Registered Worker (id: 'worker_a0c734a5')
2026-10-09 12:56:58.301 - system_controller - INFO - Registered Worker (id: 'worker_47987091')
2026-10-09 12:56:58.305 - system_controller - INFO - Registered Worker (id: 'worker_0324aeb4')
2026-10-09 12:56:58.308 - system_controller - INFO - Registered Worker (id: 'worker_25e0c9ef')
2026-10-09 12:56:58.322 - system_controller - INFO - Registered Worker (id: 'worker_c45241bd')
2026-10-09 12:56:58.338 - system_controller - INFO - Registered Worker (id: 'worker_e6cf2159')
2026-10-09 12:56:58.339 - system_controller - INFO - Registered Worker (id: 'worker_b159349f')
2026-10-09 12:56:58.348 - system_controller - INFO - Registered Worker (id: 'worker_c66cd6ba')
2026-10-09 12:56:58.383 - system_controller - INFO - Registered Worker (id: 'worker_09def620')
2026-10-09 12:56:58.389 - system_controller - INFO - Registered Worker (id: 'worker_ed31ff7d')
2026-10-09 12:56:58.389 - system_controller - INFO - Registered Worker (id: 'worker_7fb0e377')
2026-10-09 12:56:58.412 - system_controller - INFO - Registered Worker (id: 'worker_869d947a')
2026-10-09 12:56:58.430 - system_controller - INFO - Registered Worker (id: 'worker_c52c2d57')
2026-10-09 12:56:58.435 - system_controller - INFO - Registered Worker (id: 'worker_447044f3')
2026-10-09 12:56:58.440 - system_controller - INFO - Registered Worker (id: 'worker_4a7ccced')
2026-10-09 12:56:58.458 - system_controller - INFO - Registered Worker (id: 'worker_ad437e15')
2026-10-09 12:56:58.481 - system_controller - INFO - AIPerf System is CONFIGURING
2026-10-09 12:56:58.482 - system_controller - INFO - Configuring all services to start profiling
2026-10-09 12:56:58.484 - InferenceResultParser_97ab6a23 - INFO - Tokenization is disabled for this endpoint, skipping tokenizer configuration
2026-10-09 12:56:58.484 - InferenceResultParser_9d5ca49f - INFO - Tokenization is disabled for this endpoint, skipping tokenizer configuration
2026-10-09 12:56:58.484 - InferenceResultParser_91695abf - INFO - Tokenization is disabled for this endpoint, skipping tokenizer configuration
2026-10-09 12:56:58.484 - InferenceResultParser_90713d6b - INFO - Tokenization is disabled for this endpoint, skipping tokenizer configuration
2026-10-09 12:56:58.484 - InferenceResultParser_522b83a6 - INFO - Tokenization is disabled for this endpoint, skipping tokenizer configuration
2026-10-09 12:56:58.484 - timing_manager - INFO - Waiting for dataset to be configured before configuring timing
2026-10-09 12:56:58.495 - system_controller - INFO - Registered Worker (id: 'worker_9698a012')
2026-10-09 12:56:58.531 - server_metrics_manager - INFO - Server Metrics: Capturing baseline metrics...
2026-10-09 12:56:58.573 - http://agentx-epp-b-epp:80/metrics - INFO - Skipping unsupported summary metric: http_request_size_bytes
2026-10-09 12:56:58.573 - http://agentx-epp-b-epp:80/metrics - INFO - Skipping unsupported summary metric: http_response_size_bytes
2026-10-09 12:56:58.602 - http://10.100.13.6:8000/metrics - INFO - Skipping unsupported summary metric: http_request_size_bytes
2026-10-09 12:56:58.602 - http://10.100.13.6:8000/metrics - INFO - Skipping unsupported summary metric: http_response_size_bytes
2026-10-09 12:56:58.605 - system_controller - INFO - Server metrics enabled - 2/2 endpoint(s) reachable.
2026-10-09 12:56:58.606 - system_controller - INFO - Waiting for result domains: profile, server_metrics
2026-10-09 12:56:59.297 - dataset_manager - INFO - Memory-mapped dataset cache HIT (key=42113ff9400ba23b2007a3f65002eb0d); skipping tokenizer + composer.
2026-10-09 12:57:23.230 - aiperf.dataset.mmap_cache - INFO - Restored mmap cache file dataset.dat via copy in 23.932s (2.26 GiB)
2026-10-09 12:57:23.248 - aiperf.dataset.mmap_cache - INFO - Restored mmap cache file index.dat via copy in 0.017s (0.00 GiB)
2026-10-09 12:57:23.248 - aiperf.dataset.mmap_cache - INFO - Restored mmap cache files in 23.950s via dataset=copy index=copy (dataset=2.26 GiB, index=0.00 GiB)
2026-10-09 12:57:25.033 - dataset_manager - INFO - sampling strategy: sequential, unique conversations: 9602, unique turn count: 68266
2026-10-09 12:57:26.423 - dataset_manager - INFO - Dataset client initialized and freed 0 conversations from memory
2026-10-09 12:57:29.146 - aiperf.timing.trajectory_source - INFO - TrajectorySource: built 128 trajectories from 393 traces
2026-10-09 12:57:29.146 - aiperf.timing.trajectory_source - INFO -   range cfg=[0.25, 0.75]  observed sample pct: min= 26% median= 51% max= 75%
2026-10-09 12:57:29.146 - aiperf.timing.trajectory_source - INFO -     lane=00  sample_time= 53%  root_next= 45/61  ( 74% turns)  live=1 ready=1  trace_id=002001296e8a8c38ad9d7cc436d691afc602
2026-10-09 12:57:29.146 - aiperf.timing.trajectory_source - INFO -     lane=01  sample_time= 49%  root_next=  5/33  ( 15% turns)  live=1 ready=1  trace_id=006c98de37d819e95b0840e25426bb7ca99d
2026-10-09 12:57:29.146 - aiperf.timing.trajectory_source - INFO -     lane=02  sample_time= 67%  root_next= 24/29  ( 83% turns)  live=1 ready=1  trace_id=00ca01c4aaeccee751ae6285beb54dea262f
2026-10-09 12:57:29.146 - aiperf.timing.trajectory_source - INFO -     lane=03  sample_time= 56%  root_next=  0/16  (  0% turns)  live=1 ready=1  trace_id=0196085d85d2075a50b74cd8795ffbdcea9a
2026-10-09 12:57:29.146 - aiperf.timing.trajectory_source - INFO -     lane=04  sample_time= 47%  root_next=  0/13  (  0% turns)  live=2 ready=2  trace_id=02bc0afb13f7a2d9efa86c28511261d85c0e
2026-10-09 12:57:29.146 - aiperf.timing.trajectory_source - INFO -     lane=05  sample_time= 47%  root_next= 17/28  ( 61% turns)  live=1 ready=1  trace_id=03e110ac6921c2fe9ac7772a9654314a2beb
2026-10-09 12:57:29.146 - aiperf.timing.trajectory_source - INFO -     lane=06  sample_time= 74%  root_next=  0/54  (  0% turns)  live=13 ready=13  trace_id=0470d446a4514dfe0c6ad0be92853bd13287
2026-10-09 12:57:29.146 - aiperf.timing.trajectory_source - INFO -     lane=07  sample_time= 35%  root_next=  3/7   ( 43% turns)  live=1 ready=1  trace_id=04dba6fe621301a1d01fd63b8d02c9645c48
2026-10-09 12:57:29.146 - aiperf.timing.trajectory_source - INFO -     lane=08  sample_time= 75%  root_next= 32/34  ( 94% turns)  live=1 ready=1  trace_id=05c249572509162371b7b82339674db64b5d
2026-10-09 12:57:29.147 - aiperf.timing.trajectory_source - INFO -     lane=09  sample_time= 42%  root_next= 49/52  ( 94% turns)  live=1 ready=1  trace_id=05f72f78a037cfa5cd4e4541960a574701d9
2026-10-09 12:57:29.147 - aiperf.timing.trajectory_source - INFO -     lane=10  sample_time= 66%  root_next=  0/1   (  0% turns)  live=1 ready=1  trace_id=063179eb93f4337a662e859c5a2c5638e03f
2026-10-09 12:57:29.147 - aiperf.timing.trajectory_source - INFO -     lane=11  sample_time= 49%  root_next= 27/39  ( 69% turns)  live=1 ready=1  trace_id=069d7bf5f1efb4e76e3c84510367e6af78a5
2026-10-09 12:57:29.147 - aiperf.timing.trajectory_source - INFO -     lane=12  sample_time= 43%  root_next= 25/34  ( 74% turns)  live=1 ready=1  trace_id=077ea9e6554f45bbad9c24a8462bae9a8512
2026-10-09 12:57:29.147 - aiperf.timing.trajectory_source - INFO -     lane=13  sample_time= 68%  root_next=  8/9   ( 89% turns)  live=3 ready=2  trace_id=07dd40536557a1d6440a923557c3129dc929
2026-10-09 12:57:29.147 - aiperf.timing.trajectory_source - INFO -     lane=14  sample_time= 62%  root_next=  6/19  ( 32% turns)  live=2 ready=2  trace_id=085411a4cc4b15108dd9b50007261a2efb65
2026-10-09 12:57:29.147 - aiperf.timing.trajectory_source - INFO -     lane=15  sample_time= 59%  root_next=  0/49  (  0% turns)  live=4 ready=4  trace_id=085aacf44ac5428ad3c6b4f6cd431e083832
2026-10-09 12:57:29.147 - aiperf.timing.trajectory_source - INFO -     lane=16  sample_time= 34%  root_next= 13/33  ( 39% turns)  live=1 ready=1  trace_id=0a279af1bec84c6ab033bb03f5d8bfd6b08d
2026-10-09 12:57:29.147 - aiperf.timing.trajectory_source - INFO -     lane=17  sample_time= 68%  root_next= 21/31  ( 68% turns)  live=1 ready=1  trace_id=0a688303b1ae62a97607af8021f2130c2caf
2026-10-09 12:57:29.147 - aiperf.timing.trajectory_source - INFO -     lane=18  sample_time= 69%  root_next=  0/138 (  0% turns)  live=1 ready=1  trace_id=0b7f3ca692f15ae2651a310d9411d70794aa
2026-10-09 12:57:29.147 - aiperf.timing.trajectory_source - INFO -     lane=19  sample_time= 42%  root_next=  7/16  ( 44% turns)  live=1 ready=1  trace_id=0bc9c4f798d321286bf39f2543c0c4e4c059
2026-10-09 12:57:29.147 - aiperf.timing.trajectory_source - INFO -     lane=20  sample_time= 50%  root_next= 19/24  ( 79% turns)  live=1 ready=1  trace_id=0bcd99353218b9a386b1c4aec13d77abecdb
2026-10-09 12:57:29.147 - aiperf.timing.trajectory_source - INFO -     lane=21  sample_time= 67%  root_next= 25/46  ( 54% turns)  live=1 ready=1  trace_id=0bed163ac9566086e14ffd85c7481096d49d
2026-10-09 12:57:29.147 - aiperf.timing.trajectory_source - INFO -     lane=22  sample_time= 70%  root_next=  6/32  ( 19% turns)  live=1 ready=1  trace_id=0d41be2aa98333f3662682210647e5971c7b
2026-10-09 12:57:29.147 - aiperf.timing.trajectory_source - INFO -     lane=23  sample_time= 48%  root_next= 16/28  ( 57% turns)  live=1 ready=1  trace_id=0d8a816e4819b765d81ff748da94d463f3b2
2026-10-09 12:57:29.147 - aiperf.timing.trajectory_source - INFO -     lane=24  sample_time= 67%  root_next=  4/49  (  8% turns)  live=1 ready=1  trace_id=0db32e2f852a2ea24ed616b31975a84da5e4
2026-10-09 12:57:29.147 - aiperf.timing.trajectory_source - INFO -     lane=25  sample_time= 72%  root_next= 42/43  ( 98% turns)  live=1 ready=1  trace_id=0dedb07b5e4362b028db9d8ab90fff7fd4ad
2026-10-09 12:57:29.148 - aiperf.timing.trajectory_source - INFO -     lane=26  sample_time= 34%  root_next=  9/26  ( 35% turns)  live=1 ready=1  trace_id=0e4206535a79f980e2b1091181202ea987fe
2026-10-09 12:57:29.148 - aiperf.timing.trajectory_source - INFO -     lane=27  sample_time= 56%  root_next=  4/19  ( 21% turns)  live=1 ready=1  trace_id=0ede42538334da8586bc60008762abfc0ab7
2026-10-09 12:57:29.148 - aiperf.timing.trajectory_source - INFO -     lane=28  sample_time= 62%  root_next=  0/2   (  0% turns)  live=1 ready=1  trace_id=0f909e7d63c0d5e1f060d727ada25d910d89
2026-10-09 12:57:29.148 - aiperf.timing.trajectory_source - INFO -     lane=29  sample_time= 37%  root_next= 66/84  ( 79% turns)  live=1 ready=1  trace_id=1007f04d2c64580308858bb42f292992929d
2026-10-09 12:57:29.148 - aiperf.timing.trajectory_source - INFO -     lane=30  sample_time= 35%  root_next=  0/55  (  0% turns)  live=13 ready=13  trace_id=11310dce936f02050cadaeae295bcdd1ce7f
2026-10-09 12:57:29.148 - aiperf.timing.trajectory_source - INFO -     lane=31  sample_time= 31%  root_next= 15/23  ( 65% turns)  live=1 ready=1  trace_id=117ebe75819d050f308a0a81647893abd02d
2026-10-09 12:57:29.148 - aiperf.timing.trajectory_source - INFO -     lane=32  sample_time= 64%  root_next=  3/5   ( 60% turns)  live=4 ready=3  trace_id=12bd4c7c82ae413b035253cb800fc5312111
2026-10-09 12:57:29.148 - aiperf.timing.trajectory_source - INFO -     lane=33  sample_time= 74%  root_next= 19/20  ( 95% turns)  live=1 ready=1  trace_id=12cfecf98c158ab54fb65980602421f00d69
2026-10-09 12:57:29.148 - aiperf.timing.trajectory_source - INFO -     lane=34  sample_time= 68%  root_next= 54/93  ( 58% turns)  live=1 ready=1  trace_id=12e6fd87f4d3d1f93f96bd7bb6a520043805
2026-10-09 12:57:29.148 - aiperf.timing.trajectory_source - INFO -     lane=35  sample_time= 60%  root_next= 52/75  ( 69% turns)  live=1 ready=1  trace_id=13b532ee3aaa0a52b05c3bcc472355ab62b4
2026-10-09 12:57:29.148 - aiperf.timing.trajectory_source - INFO -     lane=36  sample_time= 27%  root_next= 36/50  ( 72% turns)  live=1 ready=1  trace_id=13e0b7038bafff59abfdc31aad12dbcd4a2f
2026-10-09 12:57:29.148 - aiperf.timing.trajectory_source - INFO -     lane=37  sample_time= 51%  root_next= 14/27  ( 52% turns)  live=1 ready=1  trace_id=14129d470e508b236be22188aa78548ef805
2026-10-09 12:57:29.148 - aiperf.timing.trajectory_source - INFO -     lane=38  sample_time= 75%  root_next=  4/5   ( 80% turns)  live=1 ready=1  trace_id=1493faffdc8942e99daa22277f44871a40b8
2026-10-09 12:57:29.148 - aiperf.timing.trajectory_source - INFO -     lane=39  sample_time= 53%  root_next=  0/11  (  0% turns)  live=1 ready=1  trace_id=1499c406c828e8fe6b6af697e7799c6a715b
2026-10-09 12:57:29.148 - aiperf.timing.trajectory_source - INFO -     lane=40  sample_time= 33%  root_next=  0/87  (  0% turns)  live=1 ready=1  trace_id=15ab8fdb8831965bb01e45ac51829cb4e3e3
2026-10-09 12:57:29.148 - aiperf.timing.trajectory_source - INFO -     lane=41  sample_time= 71%  root_next=  0/70  (  0% turns)  live=9 ready=9  trace_id=162d6f4f741a1cf3ce98acb5e3718c3bc0c7
2026-10-09 12:57:29.148 - aiperf.timing.trajectory_source - INFO -     lane=42  sample_time= 55%  root_next=  0/70  (  0% turns)  live=1 ready=1  trace_id=16b968359e79eda8a61415fa7ad536f6cda5
2026-10-09 12:57:29.148 - aiperf.timing.trajectory_source - INFO -     lane=43  sample_time= 43%  root_next= 37/51  ( 73% turns)  live=1 ready=1  trace_id=16c18d979235980e8021cfb0a0b3b386305a
2026-10-09 12:57:29.149 - aiperf.timing.trajectory_source - INFO -     lane=44  sample_time= 40%  root_next= 28/75  ( 37% turns)  live=2 ready=1  trace_id=16e46bc4d9e121ffbd67ada51cb3f965342f
2026-10-09 12:57:29.149 - aiperf.timing.trajectory_source - INFO -     lane=45  sample_time= 38%  root_next=  9/27  ( 33% turns)  live=1 ready=1  trace_id=17808bf55e26681520f3f11f47b5e1260108
2026-10-09 12:57:29.149 - aiperf.timing.trajectory_source - INFO -     lane=46  sample_time= 70%  root_next=  0/2   (  0% turns)  live=3 ready=3  trace_id=18bf3ef42c109a28326d8384f1bcc8dfae37
2026-10-09 12:57:29.149 - aiperf.timing.trajectory_source - INFO -     lane=47  sample_time= 33%  root_next= 69/74  ( 93% turns)  live=1 ready=1  trace_id=1a271af3dedd40be2efd413ef35fe7f0f53b
2026-10-09 12:57:29.149 - aiperf.timing.trajectory_source - INFO -     lane=48  sample_time= 73%  root_next= 25/27  ( 93% turns)  live=1 ready=1  trace_id=1b5229e3aa8893ca2f4d07d248f9cd9752fb
2026-10-09 12:57:29.149 - aiperf.timing.trajectory_source - INFO -     lane=49  sample_time= 59%  root_next=  0/46  (  0% turns)  live=3 ready=3  trace_id=1b577bfa02cd2c421c0b59c5cac702b3c287
2026-10-09 12:57:29.149 - aiperf.timing.trajectory_source - INFO -     lane=50  sample_time= 34%  root_next= 11/21  ( 52% turns)  live=1 ready=1  trace_id=1b57efe98ed202c35114d97e01ec25e8420b
2026-10-09 12:57:29.149 - aiperf.timing.trajectory_source - INFO -     lane=51  sample_time= 47%  root_next=  0/31  (  0% turns)  live=2 ready=2  trace_id=1c4f3018d336b1bf78434d328001bc7bbe49
2026-10-09 12:57:29.149 - aiperf.timing.trajectory_source - INFO -     lane=52  sample_time= 71%  root_next= 22/29  ( 76% turns)  live=1 ready=1  trace_id=1cdb6c60ce49f7b74ab6cf59051bab7591e6
2026-10-09 12:57:29.149 - aiperf.timing.trajectory_source - INFO -     lane=53  sample_time= 66%  root_next= 13/35  ( 37% turns)  live=2 ready=1  trace_id=1d8a2c1d4dc1f585337036c6ad60e1ce5eb3
2026-10-09 12:57:29.149 - aiperf.timing.trajectory_source - INFO -     lane=54  sample_time= 70%  root_next= 64/80  ( 80% turns)  live=1 ready=1  trace_id=1f5f21559e4b79c6d2480796c7218206047f
2026-10-09 12:57:29.149 - aiperf.timing.trajectory_source - INFO -     lane=55  sample_time= 64%  root_next=  0/74  (  0% turns)  live=3 ready=3  trace_id=1fc68c514c7fb89dbc498ae9da77d5476cec
2026-10-09 12:57:29.149 - aiperf.timing.trajectory_source - INFO -     lane=56  sample_time= 46%  root_next= 14/34  ( 41% turns)  live=1 ready=1  trace_id=203147a7ad6c355f99290d8ac7811e6de5be
2026-10-09 12:57:29.149 - aiperf.timing.trajectory_source - INFO -     lane=57  sample_time= 53%  root_next=  0/43  (  0% turns)  live=11 ready=11  trace_id=208d6e28928b0b3d3b33db3c690173d15be3
2026-10-09 12:57:29.149 - aiperf.timing.trajectory_source - INFO -     lane=58  sample_time= 35%  root_next= 36/38  ( 95% turns)  live=1 ready=1  trace_id=20c87b0b00ac5895cc4528c971b71cce3960
2026-10-09 12:57:29.149 - aiperf.timing.trajectory_source - INFO -     lane=59  sample_time= 33%  root_next= 55/95  ( 58% turns)  live=1 ready=1  trace_id=212e46e294bd09113e425ebc8a430cc528a6
2026-10-09 12:57:29.149 - aiperf.timing.trajectory_source - INFO -     lane=60  sample_time= 69%  root_next=  0/52  (  0% turns)  live=1 ready=1  trace_id=21cde366f5bd2f0ff2031b0538496c7e2a05
2026-10-09 12:57:29.150 - aiperf.timing.trajectory_source - INFO -     lane=61  sample_time= 38%  root_next= 50/71  ( 70% turns)  live=1 ready=1  trace_id=22a380be2e4f6293f24e32fd637ccc876d73
2026-10-09 12:57:29.150 - aiperf.timing.trajectory_source - INFO -     lane=62  sample_time= 52%  root_next= 11/17  ( 65% turns)  live=1 ready=1  trace_id=23074f92872cd4f8212d04cd87e71a2ced7b
2026-10-09 12:57:29.150 - aiperf.timing.trajectory_source - INFO -     lane=63  sample_time= 51%  root_next= 41/67  ( 61% turns)  live=1 ready=1  trace_id=23a576b18cd4bacef3d1aa138b060b9407ce
2026-10-09 12:57:29.150 - aiperf.timing.trajectory_source - INFO -     lane=64  sample_time= 58%  root_next=  7/19  ( 37% turns)  live=1 ready=1  trace_id=240cd2e1b10e5b738ac6fee166b2aca7eff2
2026-10-09 12:57:29.150 - aiperf.timing.trajectory_source - INFO -     lane=65  sample_time= 42%  root_next= 28/29  ( 97% turns)  live=1 ready=1  trace_id=24f457bf9e42d6ffb1cc4bbd279c650bb8b6
2026-10-09 12:57:29.150 - aiperf.timing.trajectory_source - INFO -     lane=66  sample_time= 66%  root_next= 16/29  ( 55% turns)  live=1 ready=1  trace_id=259d1cc35e11b72660b8d6a33867cbb93759
2026-10-09 12:57:29.150 - aiperf.timing.trajectory_source - INFO -     lane=67  sample_time= 65%  root_next= 31/38  ( 82% turns)  live=1 ready=1  trace_id=2617aab5bca86e337183bf3bfed8812d1acf
2026-10-09 12:57:29.150 - aiperf.timing.trajectory_source - INFO -     lane=68  sample_time= 36%  root_next= 29/106 ( 27% turns)  live=1 ready=1  trace_id=264478eebbb2068593da2293ea8b67b31d4e
2026-10-09 12:57:29.150 - aiperf.timing.trajectory_source - INFO -     lane=69  sample_time= 55%  root_next=  0/71  (  0% turns)  live=89 ready=89  trace_id=2654d8b687d9c22001c25155ff2a69840acc
2026-10-09 12:57:29.150 - aiperf.timing.trajectory_source - INFO -     lane=70  sample_time= 47%  root_next=  0/68  (  0% turns)  live=1 ready=1  trace_id=279424d0e53192cde462be8d39c23b52b977
2026-10-09 12:57:29.150 - aiperf.timing.trajectory_source - INFO -     lane=71  sample_time= 58%  root_next=  0/73  (  0% turns)  live=9 ready=9  trace_id=27de9ca964aa7905c2f5438db8bdd72d8b02
2026-10-09 12:57:29.150 - aiperf.timing.trajectory_source - INFO -     lane=72  sample_time= 61%  root_next= 27/30  ( 90% turns)  live=1 ready=1  trace_id=2954a6a9181ba856596885f176e08404f2d6
2026-10-09 12:57:29.150 - aiperf.timing.trajectory_source - INFO -     lane=73  sample_time= 64%  root_next=  4/5   ( 80% turns)  live=1 ready=1  trace_id=2a2da059b7425d9dc1f999fca1177bc1cdb9
2026-10-09 12:57:29.150 - aiperf.timing.trajectory_source - INFO -     lane=74  sample_time= 32%  root_next= 18/49  ( 37% turns)  live=1 ready=1  trace_id=2a4f3506ac5efa421d361390686f34c038e7
2026-10-09 12:57:29.150 - aiperf.timing.trajectory_source - INFO -     lane=75  sample_time= 64%  root_next= 30/57  ( 53% turns)  live=1 ready=1  trace_id=2af7f718cc9974b522a7e4864aac085e5288
2026-10-09 12:57:29.150 - aiperf.timing.trajectory_source - INFO -     lane=76  sample_time= 72%  root_next= 30/31  ( 97% turns)  live=1 ready=1  trace_id=2b7f327fac593e81c0cf38cedd90b744b753
2026-10-09 12:57:29.150 - aiperf.timing.trajectory_source - INFO -     lane=77  sample_time= 64%  root_next= 31/34  ( 91% turns)  live=1 ready=1  trace_id=2d5f050bf77e34d6650e4af92c61bb82a1c9
2026-10-09 12:57:29.150 - aiperf.timing.trajectory_source - INFO -     lane=78  sample_time= 49%  root_next= 49/64  ( 77% turns)  live=1 ready=1  trace_id=30aa41167f1a7700bef4c286e83a9f517abb
2026-10-09 12:57:29.150 - aiperf.timing.trajectory_source - INFO -     lane=79  sample_time= 65%  root_next= 21/51  ( 41% turns)  live=1 ready=1  trace_id=3107040f1d498b9c8b61bd74f2da2a514e37
2026-10-09 12:57:29.150 - aiperf.timing.trajectory_source - INFO -     lane=80  sample_time= 53%  root_next= 14/104 ( 13% turns)  live=1 ready=1  trace_id=31dd54e63bd3605ad9ab96003ab1ae8f39f3
2026-10-09 12:57:29.150 - aiperf.timing.trajectory_source - INFO -     lane=81  sample_time= 70%  root_next=  5/63  (  8% turns)  live=1 ready=1  trace_id=3317a925c2a7f40e9eafe5f5532793a23c67
2026-10-09 12:57:29.150 - aiperf.timing.trajectory_source - INFO -     lane=82  sample_time= 41%  root_next= 32/58  ( 55% turns)  live=1 ready=1  trace_id=33c12a75f9b49c1983a8d4d1dacb21ff90fe
2026-10-09 12:57:29.150 - aiperf.timing.trajectory_source - INFO -     lane=83  sample_time= 53%  root_next=  6/20  ( 30% turns)  live=1 ready=1  trace_id=3531533f1f293048fc9691b112feafc44e62
2026-10-09 12:57:29.150 - aiperf.timing.trajectory_source - INFO -     lane=84  sample_time= 60%  root_next= 35/60  ( 58% turns)  live=1 ready=1  trace_id=35de830dbe1dbe90e6eaa36bc4814c7410ec
2026-10-09 12:57:29.150 - aiperf.timing.trajectory_source - INFO -     lane=85  sample_time= 60%  root_next= 22/27  ( 81% turns)  live=1 ready=1  trace_id=3735de09df4f9ac454aee913e2a00633ad0d
2026-10-09 12:57:29.150 - aiperf.timing.trajectory_source - INFO -     lane=86  sample_time= 33%  root_next= 33/34  ( 97% turns)  live=1 ready=1  trace_id=37c8d244d81e01d3b70c9f7fe619d9392a24
2026-10-09 12:57:29.150 - aiperf.timing.trajectory_source - INFO -     lane=87  sample_time= 52%  root_next=  0/27  (  0% turns)  live=2 ready=2  trace_id=38f9148d19708a1c29ed7c8505f1b82083aa
2026-10-09 12:57:29.151 - aiperf.timing.trajectory_source - INFO -     lane=88  sample_time= 53%  root_next= 13/38  ( 34% turns)  live=1 ready=1  trace_id=3a066e6ad705e8792dec8c84610bbee401cb
2026-10-09 12:57:29.151 - aiperf.timing.trajectory_source - INFO -     lane=89  sample_time= 66%  root_next= 25/33  ( 76% turns)  live=1 ready=1  trace_id=3a67ec0b534b4e3e386c7e018b4b99ef06c2
2026-10-09 12:57:29.152 - aiperf.timing.trajectory_source - INFO -     lane=90  sample_time= 27%  root_next=  0/29  (  0% turns)  live=2 ready=2  trace_id=3b1ee678c29a1a23e4a74d67354731cc27f3
2026-10-09 12:57:29.152 - aiperf.timing.trajectory_source - INFO -     lane=91  sample_time= 29%  root_next= 25/30  ( 83% turns)  live=1 ready=1  trace_id=3c1fbf5cf98484c7f9ef07f2d4b00e65d829
2026-10-09 12:57:29.152 - aiperf.timing.trajectory_source - INFO -     lane=92  sample_time= 37%  root_next= 17/44  ( 39% turns)  live=1 ready=1  trace_id=3c49da29dedf8ccfa4ee310634b4b8af275a
2026-10-09 12:57:29.152 - aiperf.timing.trajectory_source - INFO -     lane=93  sample_time= 50%  root_next=  0/39  (  0% turns)  live=3 ready=3  trace_id=3cb1c6dc71a21714587287306ebe52748568
2026-10-09 12:57:29.152 - aiperf.timing.trajectory_source - INFO -     lane=94  sample_time= 28%  root_next= 11/23  ( 48% turns)  live=1 ready=1  trace_id=3d8fcda6a4decdb4d4f56839db6eba041e60
2026-10-09 12:57:29.153 - aiperf.timing.trajectory_source - INFO -     lane=95  sample_time= 29%  root_next= 42/55  ( 76% turns)  live=1 ready=1  trace_id=3e119fc3136975fe98cfc7fa73500d6574a0
2026-10-09 12:57:29.153 - aiperf.timing.trajectory_source - INFO -     lane=96  sample_time= 26%  root_next= 28/57  ( 49% turns)  live=1 ready=1  trace_id=3e38b72653e23622c6b15d8ca43aeb167917
2026-10-09 12:57:29.153 - aiperf.timing.trajectory_source - INFO -     lane=97  sample_time= 46%  root_next=  9/21  ( 43% turns)  live=1 ready=1  trace_id=3e573575f7a9f0d647460e769c0a64e71d59
2026-10-09 12:57:29.153 - aiperf.timing.trajectory_source - INFO -     lane=98  sample_time= 42%  root_next=  7/9   ( 78% turns)  live=12 ready=11  trace_id=3e8b931fd474375ea08ae58872aea7a8e0f5
2026-10-09 12:57:29.153 - aiperf.timing.trajectory_source - INFO -     lane=99  sample_time= 41%  root_next= 44/59  ( 75% turns)  live=1 ready=1  trace_id=421c59c8640de974ad4d7644b9ea88738998
2026-10-09 12:57:29.153 - aiperf.timing.trajectory_source - INFO -     lane=100  sample_time= 26%  root_next=  8/12  ( 67% turns)  live=36 ready=35  trace_id=439e5f9ed3159bd826529d8ae5bd1536903f
2026-10-09 12:57:29.153 - aiperf.timing.trajectory_source - INFO -     lane=101  sample_time= 33%  root_next=  0/70  (  0% turns)  live=2 ready=2  trace_id=43d1f727aec4d8b3f2aec42f816e7fabe193
2026-10-09 12:57:29.153 - aiperf.timing.trajectory_source - INFO -     lane=102  sample_time= 53%  root_next= 16/23  ( 70% turns)  live=1 ready=1  trace_id=43eb23b676fb4a9f9bccbc568dbca0d6b352
2026-10-09 12:57:29.153 - aiperf.timing.trajectory_source - INFO -     lane=103  sample_time= 27%  root_next=  8/23  ( 35% turns)  live=1 ready=1  trace_id=457a7bf22f9e6961870d5b356ab2bd780fff
2026-10-09 12:57:29.153 - aiperf.timing.trajectory_source - INFO -     lane=104  sample_time= 41%  root_next= 29/72  ( 40% turns)  live=1 ready=1  trace_id=458bc16a2a50e993cc97c108d4d19cb9f453
2026-10-09 12:57:29.153 - aiperf.timing.trajectory_source - INFO -     lane=105  sample_time= 69%  root_next= 72/107 ( 67% turns)  live=1 ready=1  trace_id=46350c0355fa3f1922abb20cf7f5724bd7cd
2026-10-09 12:57:29.153 - aiperf.timing.trajectory_source - INFO -     lane=106  sample_time= 73%  root_next= 18/25  ( 72% turns)  live=1 ready=1  trace_id=46c7f09048fc482e94f4552b0a99a4ca5e30
2026-10-09 12:57:29.153 - aiperf.timing.trajectory_source - INFO -     lane=107  sample_time= 55%  root_next= 13/31  ( 42% turns)  live=1 ready=1  trace_id=471e3ed9d7e44080765f4950172ec9443476
2026-10-09 12:57:29.153 - aiperf.timing.trajectory_source - INFO -     lane=108  sample_time= 39%  root_next= 17/33  ( 52% turns)  live=1 ready=1  trace_id=476c26ca73449a2c6bf284d0082765620665
2026-10-09 12:57:29.153 - aiperf.timing.trajectory_source - INFO -     lane=109  sample_time= 58%  root_next= 12/20  ( 60% turns)  live=1 ready=1  trace_id=47a89e30bcdf1bc8002a026ad7ebfc914766
2026-10-09 12:57:29.153 - aiperf.timing.trajectory_source - INFO -     lane=110  sample_time= 38%  root_next=  8/23  ( 35% turns)  live=2 ready=1  trace_id=48f9644a9b17cade09142b3d8f964bea35be
2026-10-09 12:57:29.153 - aiperf.timing.trajectory_source - INFO -     lane=111  sample_time= 32%  root_next=  0/94  (  0% turns)  live=27 ready=27  trace_id=4b433e21f63822412e0f27d5473da9ea1322
2026-10-09 12:57:29.154 - aiperf.timing.trajectory_source - INFO -     lane=112  sample_time= 41%  root_next= 27/62  ( 44% turns)  live=1 ready=1  trace_id=4b5b64c7c1aa215a5177db1a78083cccce9d
2026-10-09 12:57:29.154 - aiperf.timing.trajectory_source - INFO -     lane=113  sample_time= 63%  root_next= 34/38  ( 89% turns)  live=1 ready=1  trace_id=4b88101f5ed7507b73138a73dfbf55f972de
2026-10-09 12:57:29.154 - aiperf.timing.trajectory_source - INFO -     lane=114  sample_time= 35%  root_next=  0/76  (  0% turns)  live=10 ready=10  trace_id=4ba38d0b213f0aeab695e16da9c91635a817
2026-10-09 12:57:29.154 - aiperf.timing.trajectory_source - INFO -     lane=115  sample_time= 41%  root_next= 19/35  ( 54% turns)  live=1 ready=1  trace_id=4c7288cfa9373e0a49308bb974b43d422ab5
2026-10-09 12:57:29.154 - aiperf.timing.trajectory_source - INFO -     lane=116  sample_time= 45%  root_next=  3/5   ( 60% turns)  live=2 ready=1  trace_id=4cb074e3cbf03d1709e2b44cbe575807813b
2026-10-09 12:57:29.154 - aiperf.timing.trajectory_source - INFO -     lane=117  sample_time= 45%  root_next= 37/59  ( 63% turns)  live=1 ready=1  trace_id=4cccee1943ddca3e762d4425fd9fbd3a858a
2026-10-09 12:57:29.154 - aiperf.timing.trajectory_source - INFO -     lane=118  sample_time= 64%  root_next= 29/35  ( 83% turns)  live=1 ready=1  trace_id=4dbd24a9e3ac2103166bac86017ffb696394
2026-10-09 12:57:29.154 - aiperf.timing.trajectory_source - INFO -     lane=119  sample_time= 73%  root_next= 32/46  ( 70% turns)  live=1 ready=1  trace_id=4dcd9742e24aa2939887e7b24aaa58e4215a
2026-10-09 12:57:29.154 - aiperf.timing.trajectory_source - INFO -     lane=120  sample_time= 51%  root_next=  0/63  (  0% turns)  live=37 ready=37  trace_id=4dcf5b2627786f87d5f1badf0ccd6e0f6848
2026-10-09 12:57:29.154 - aiperf.timing.trajectory_source - INFO -     lane=121  sample_time= 38%  root_next=  0/14  (  0% turns)  live=5 ready=5  trace_id=4e687509d3c9c0afa7cc8b884d120eeb0d79
2026-10-09 12:57:29.154 - aiperf.timing.trajectory_source - INFO -     lane=122  sample_time= 36%  root_next=  0/75  (  0% turns)  live=3 ready=3  trace_id=4f6988943c04756b546e21ca5be6bed67991
2026-10-09 12:57:29.154 - aiperf.timing.trajectory_source - INFO -     lane=123  sample_time= 54%  root_next=  0/23  (  0% turns)  live=2 ready=2  trace_id=4f982e145c75a42e31f669f1b91a4617ee50
2026-10-09 12:57:29.154 - aiperf.timing.trajectory_source - INFO -     lane=124  sample_time= 50%  root_next= 30/47  ( 64% turns)  live=1 ready=1  trace_id=509ad65c576a007df9c0cf1e9863874da21d
2026-10-09 12:57:29.154 - aiperf.timing.trajectory_source - INFO -     lane=125  sample_time= 26%  root_next= 18/25  ( 72% turns)  live=1 ready=1  trace_id=515e43cbf9a646bb3e6489bd78f1bf1b361a
2026-10-09 12:57:29.155 - aiperf.timing.trajectory_source - INFO -     lane=126  sample_time= 43%  root_next= 11/19  ( 58% turns)  live=2 ready=2  trace_id=524727c36b5459a9c58418e4db0ce22c2661
2026-10-09 12:57:29.155 - aiperf.timing.trajectory_source - INFO -     lane=127  sample_time= 74%  root_next=  0/31  (  0% turns)  live=1 ready=1  trace_id=526f242b0f14fa34da24eb7346123c5025cd
2026-10-09 12:57:29.155 - PhaseOrchestrator_6657e482 - INFO - Initialized 2 phase(s): ['Warmup', 'Profiling']
2026-10-09 12:57:29.598 - system_controller - WARNING - Received command response for service we were not expecting: worker_9698a012. Ignoring.
2026-10-09 12:57:29.631 - system_controller - INFO - All services configured in 31.15 seconds
2026-10-09 12:57:29.631 - system_controller - INFO - AIPerf System is CONFIGURED
2026-10-09 12:57:29.632 - server_metrics_manager - INFO - Server Metrics: Started 2 collector(s) successfully
2026-10-09 12:57:29.822 - PhaseRunner - NOTICE - Phase warmup (warmup) started | target: 1,406 requests
2026-10-09 12:57:29.823 - AgenticReplayTiming - INFO - WARMUP execute: dispatching 126 trajectory credits
2026-10-09 12:57:29.827 - AgenticReplayTiming - INFO - WARMUP count budget: 10 additional requests per lane after 126 mandatory snapshot primers
2026-10-09 12:57:29.827 - AgenticReplayTiming - INFO - WARMUP spread: 9.9s ramp aligning 126 request(s) on t* (earliest fires at 0, last at 9.9s)
2026-10-09 12:57:29.889 - EventLoopMonitor - WARNING - Event loop for worker_9698a012 is taking too long to run. Overhead: 41.59ms
2026-10-09 12:57:30.053 - EventLoopMonitor - WARNING - Event loop for worker_47987091 is taking too long to run. Overhead: 130.38ms
2026-10-09 12:57:30.837 - records_manager - INFO - Credit phase start: warmup
2026-10-09 12:57:30.930 - system_controller - INFO - All services started profiling successfully
2026-10-09 12:57:30.931 - system_controller - INFO - AIPerf System is PROFILING
2026-10-09 12:57:59.833 - PhaseRunner - INFO - Phase warmup progress | returned=18/1,406 | sent=126 | in_flight=108 | errors=0 | elapsed=30.0s
2026-10-09 12:58:29.846 - PhaseRunner - INFO - Phase warmup progress | returned=30/1,406 | sent=126 | in_flight=96 | errors=0 | elapsed=60.0s
2026-10-09 12:58:59.852 - PhaseRunner - INFO - Phase warmup progress | returned=45/1,406 | sent=126 | in_flight=81 | errors=0 | elapsed=90.0s
2026-10-09 12:59:29.858 - PhaseRunner - INFO - Phase warmup progress | returned=54/1,406 | sent=126 | in_flight=72 | errors=0 | elapsed=120.0s
2026-10-09 12:59:59.864 - PhaseRunner - INFO - Phase warmup progress | returned=62/1,406 | sent=126 | in_flight=64 | errors=0 | elapsed=150.0s
2026-10-09 13:00:29.875 - PhaseRunner - INFO - Phase warmup progress | returned=68/1,406 | sent=126 | in_flight=58 | errors=0 | elapsed=180.1s
2026-10-09 13:00:59.883 - PhaseRunner - INFO - Phase warmup progress | returned=74/1,406 | sent=126 | in_flight=52 | errors=0 | elapsed=210.1s
2026-10-09 13:01:29.892 - PhaseRunner - INFO - Phase warmup progress | returned=78/1,406 | sent=126 | in_flight=48 | errors=0 | elapsed=240.1s
2026-10-09 13:01:40.294 - EventLoopMonitor - WARNING - Event loop for worker_47987091 is taking too long to run. Overhead: 48.43ms
2026-10-09 13:01:40.294 - EventLoopMonitor - WARNING - Event loop for worker_869d947a is taking too long to run. Overhead: 44.43ms
2026-10-09 13:01:40.294 - EventLoopMonitor - WARNING - Event loop for worker_7fb0e377 is taking too long to run. Overhead: 45.35ms
2026-10-09 13:01:40.294 - EventLoopMonitor - WARNING - Event loop for worker_15c99fd2 is taking too long to run. Overhead: 116.76ms
2026-10-09 13:01:40.294 - EventLoopMonitor - WARNING - Event loop for worker_19bc2a42 is taking too long to run. Overhead: 63.48ms
2026-10-09 13:01:40.294 - EventLoopMonitor - WARNING - Event loop for worker_b90ad2c4 is taking too long to run. Overhead: 59.67ms
2026-10-09 13:01:40.294 - EventLoopMonitor - WARNING - Event loop for worker_4a7ccced is taking too long to run. Overhead: 93.78ms
2026-10-09 13:01:40.294 - EventLoopMonitor - WARNING - Event loop for worker_c45241bd is taking too long to run. Overhead: 73.66ms
2026-10-09 13:01:40.296 - EventLoopMonitor - WARNING - Event loop for worker_f29a73a1 is taking too long to run. Overhead: 101.50ms
2026-10-09 13:01:40.297 - EventLoopMonitor - WARNING - Event loop for worker_c52c2d57 is taking too long to run. Overhead: 61.85ms
2026-10-09 13:01:40.296 - EventLoopMonitor - WARNING - Event loop for worker_09def620 is taking too long to run. Overhead: 119.43ms
2026-10-09 13:01:40.297 - EventLoopMonitor - WARNING - Event loop for worker_b159349f is taking too long to run. Overhead: 81.12ms
2026-10-09 13:01:40.302 - EventLoopMonitor - WARNING - Event loop for worker_e6cf2159 is taking too long to run. Overhead: 92.54ms
2026-10-09 13:01:59.907 - PhaseRunner - INFO - Phase warmup progress | returned=82/1,406 | sent=126 | in_flight=44 | errors=0 | elapsed=270.1s
2026-10-09 13:02:29.918 - PhaseRunner - INFO - Phase warmup progress | returned=86/1,406 | sent=126 | in_flight=40 | errors=0 | elapsed=300.1s
2026-10-09 13:02:59.929 - PhaseRunner - INFO - Phase warmup progress | returned=89/1,406 | sent=126 | in_flight=37 | errors=0 | elapsed=330.1s
2026-10-09 13:03:29.942 - PhaseRunner - INFO - Phase warmup progress | returned=92/1,406 | sent=126 | in_flight=34 | errors=0 | elapsed=360.1s
2026-10-09 13:03:59.952 - PhaseRunner - INFO - Phase warmup progress | returned=95/1,406 | sent=126 | in_flight=31 | errors=0 | elapsed=390.1s
2026-10-09 13:04:29.960 - PhaseRunner - INFO - Phase warmup progress | returned=98/1,406 | sent=126 | in_flight=28 | errors=0 | elapsed=420.1s
2026-10-09 13:04:59.969 - PhaseRunner - INFO - Phase warmup progress | returned=101/1,406 | sent=126 | in_flight=25 | errors=0 | elapsed=450.1s
2026-10-09 13:05:29.979 - PhaseRunner - INFO - Phase warmup progress | returned=103/1,406 | sent=126 | in_flight=23 | errors=0 | elapsed=480.2s
2026-10-09 13:05:59.987 - PhaseRunner - INFO - Phase warmup progress | returned=106/1,406 | sent=126 | in_flight=20 | errors=0 | elapsed=510.2s
2026-10-09 13:06:30.000 - PhaseRunner - INFO - Phase warmup progress | returned=108/1,406 | sent=126 | in_flight=18 | errors=0 | elapsed=540.2s
2026-10-09 13:07:00.009 - PhaseRunner - INFO - Phase warmup progress | returned=110/1,406 | sent=126 | in_flight=16 | errors=0 | elapsed=570.2s
2026-10-09 13:07:30.017 - PhaseRunner - INFO - Phase warmup progress | returned=112/1,406 | sent=126 | in_flight=14 | errors=0 | elapsed=600.2s
2026-10-09 13:08:00.026 - PhaseRunner - INFO - Phase warmup progress | returned=114/1,406 | sent=126 | in_flight=12 | errors=0 | elapsed=630.2s
2026-10-09 13:08:30.037 - PhaseRunner - INFO - Phase warmup progress | returned=116/1,406 | sent=126 | in_flight=10 | errors=0 | elapsed=660.2s
2026-10-09 13:09:00.049 - PhaseRunner - INFO - Phase warmup progress | returned=117/1,406 | sent=126 | in_flight=9 | errors=0 | elapsed=690.2s
2026-10-09 13:09:30.060 - PhaseRunner - INFO - Phase warmup progress | returned=119/1,406 | sent=126 | in_flight=7 | errors=0 | elapsed=720.2s
2026-10-09 13:10:00.071 - PhaseRunner - INFO - Phase warmup progress | returned=121/1,406 | sent=126 | in_flight=5 | errors=0 | elapsed=750.2s
2026-10-09 13:10:30.079 - PhaseRunner - INFO - Phase warmup progress | returned=122/1,406 | sent=126 | in_flight=4 | errors=0 | elapsed=780.3s
2026-10-09 13:11:00.088 - PhaseRunner - INFO - Phase warmup progress | returned=124/1,406 | sent=126 | in_flight=2 | errors=0 | elapsed=810.3s
2026-10-09 13:11:30.100 - PhaseRunner - INFO - Phase warmup progress | returned=125/1,406 | sent=126 | in_flight=1 | errors=0 | elapsed=840.3s
2026-10-09 13:11:30.347 - aiperf.timing.replay_dependencies - INFO - Replay interval barriers active: 68266 requests, 34015 gated turns, join-widths={1: 26371, 2: 5215, 3: 1416, 4: 473, 5: 151, 6: 80, 7: 62, 8: 91, 9: 72, 10: 51, 11: 20, 12: 9, 13: 2, 14: 2}
2026-10-09 13:11:30.347 - AgenticReplayTiming - INFO - WARMUP cache pressure: replaying live trajectories until each lane reaches 10 additional requests with zero idle delay and max_tokens=1
2026-10-09 13:12:00.106 - PhaseRunner - INFO - Phase warmup progress | returned=171/1,406 | sent=358 | in_flight=187 | errors=0 | elapsed=870.3s
2026-10-09 13:12:30.118 - PhaseRunner - INFO - Phase warmup progress | returned=247/1,406 | sent=410 | in_flight=163 | errors=0 | elapsed=900.3s
2026-10-09 13:13:00.128 - PhaseRunner - INFO - Phase warmup progress | returned=334/1,406 | sent=484 | in_flight=150 | errors=0 | elapsed=930.3s
2026-10-09 13:13:30.138 - PhaseRunner - INFO - Phase warmup progress | returned=386/1,406 | sent=525 | in_flight=139 | errors=0 | elapsed=960.3s
2026-10-09 13:14:00.147 - PhaseRunner - INFO - Phase warmup progress | returned=414/1,406 | sent=549 | in_flight=135 | errors=0 | elapsed=990.3s
2026-10-09 13:14:30.158 - PhaseRunner - INFO - Phase warmup progress | returned=521/1,406 | sent=645 | in_flight=124 | errors=0 | elapsed=1020.3s
2026-10-09 13:15:00.167 - PhaseRunner - INFO - Phase warmup progress | returned=602/1,406 | sent=708 | in_flight=106 | errors=0 | elapsed=1050.3s
2026-10-09 13:15:30.178 - PhaseRunner - INFO - Phase warmup progress | returned=618/1,406 | sent=716 | in_flight=98 | errors=0 | elapsed=1080.4s
2026-10-09 13:16:00.186 - PhaseRunner - INFO - Phase warmup progress | returned=625/1,406 | sent=723 | in_flight=98 | errors=0 | elapsed=1110.4s
2026-10-09 13:16:30.192 - PhaseRunner - INFO - Phase warmup progress | returned=657/1,406 | sent=754 | in_flight=97 | errors=0 | elapsed=1140.4s
2026-10-09 13:16:49.645 - aiperf.credit.callback_handler - WARNING - Terminal warmup failure for trace 5b6e131844fbcb4a57f8cf516831dc679004; aborting run early (broadcasting ProfileCancelCommand).
2026-10-09 13:16:49.654 - records_manager - WARNING - Received profile cancel command: {"message_type":"command","service_id":"timing_manager","command":"profile_cancel","command_id":"915af787-e6b4-461a-b09e-9bba9bbb83a4","reason":"warmup_failure","reason_detail":"A root AgentX warmup request failed, so profiling was not started. Check the preceding request error and inference server logs."}
2026-10-09 13:16:49.656 - records_manager - INFO - Processing records results...
2026-10-09 13:16:49.657 - system_controller - WARNING - Run aborted (warmup_failure): A root AgentX warmup request failed, so profiling was not started. Check the preceding request error and inference server logs. Will exit non-zero.
2026-10-09 13:16:50.449 - system_controller - INFO - Waiting for result domains: server_metrics
2026-10-09 13:16:50.486 - ServerMetricsParquetExporter - WARNING - No data to export. Skipping Parquet file creation.
2026-10-09 13:16:50.487 - ServerMetricsAccumulator_f2f7dfa0 - INFO - Exported server metrics to Parquet: /data/results/offload-thunder-60m/c128/aiperf_artifacts/server_metrics_export.parquet
2026-10-09 13:16:50.501 - system_controller - INFO - All results received, initiating shutdown
2026-10-09 13:16:50.520 - PhaseRunner - NOTICE - Phase warmup (warmup) sending complete | sent=817, completed=727, in_flight=90 | sessions: sent=109, completed=17
2026-10-09 13:16:50.518 - AioHttpClient - ERROR - Error in aiohttp request: ServerDisconnectedError('Server disconnected')
2026-10-09 13:16:50.517 - AioHttpClient - ERROR - Error in aiohttp request: ServerDisconnectedError('Server disconnected')
2026-10-09 13:16:50.521 - aiperf.timing.branch_orchestrator - INFO - BranchOrchestrator stats: spawned=410 completed=65 errored=0 suspended=18 resumed=8 parents_failed_due_to_child_error=0 joins_suppressed=0 delayed=0
2026-10-09 13:16:50.518 - AioHttpClient - ERROR - Error in aiohttp request: ServerDisconnectedError('Server disconnected')
2026-10-09 13:16:50.521 - aiperf.timing.branch_orchestrator - WARNING - BranchOrchestrator leaked state at cleanup: 10 active_joins, 3 future_joins, 345 tracked children, 48 parents with descendants
2026-10-09 13:16:50.522 - aiperf.timing.branch_orchestrator - WARNING - Abandoned pending join for parent fcda7914-51c4-4b64-970e-9f5686cfc3a8 (outstanding=1, gated_turn_index=8, age_ms=320166)
2026-10-09 13:16:50.522 - aiperf.timing.branch_orchestrator - WARNING - Abandoned pending join for parent d4269c77-4abb-45bd-9754-e97e2c9dd490 (outstanding=2, gated_turn_index=3, age_ms=320159)
2026-10-09 13:16:50.522 - aiperf.timing.branch_orchestrator - WARNING - Abandoned pending join for parent 98c04944-671e-4b94-825f-76c3ece3f75d (outstanding=1, gated_turn_index=13, age_ms=320153)
2026-10-09 13:16:50.522 - aiperf.timing.branch_orchestrator - WARNING - Abandoned pending join for parent 8886d7c1-50bb-447a-b349-464e93b20b80 (outstanding=4, gated_turn_index=7, age_ms=320136)
2026-10-09 13:16:50.522 - aiperf.timing.branch_orchestrator - WARNING - Abandoned pending join for parent 5a675f90-a7f2-4667-91f5-cc71f1fb2084 (outstanding=11, gated_turn_index=8, age_ms=320135)
2026-10-09 13:16:50.522 - aiperf.timing.branch_orchestrator - WARNING - Abandoned pending join for parent eca0e464-9b98-4e09-bbf5-055eea49501c (outstanding=1, gated_turn_index=3, age_ms=320126)
2026-10-09 13:16:50.522 - aiperf.timing.branch_orchestrator - WARNING - Abandoned pending join for parent 3b941bb0-e43e-4e8e-a442-bdd8c0ada45c (outstanding=2, gated_turn_index=28, age_ms=143280)
2026-10-09 13:16:50.522 - aiperf.timing.branch_orchestrator - WARNING - Abandoned pending join for parent 7c293d04-2ba3-426c-bbad-b217fb125c61 (outstanding=1, gated_turn_index=23, age_ms=137956)
2026-10-09 13:16:50.519 - AioHttpClient - ERROR - Error in aiohttp request: ServerDisconnectedError('Server disconnected')
2026-10-09 13:16:50.522 - aiperf.timing.branch_orchestrator - WARNING - Abandoned pending join for parent ad03e8b3-8eb5-47d0-8765-68778996eb86 (outstanding=1, gated_turn_index=5, age_ms=121734)
2026-10-09 13:16:50.522 - aiperf.timing.branch_orchestrator - WARNING - Abandoned pending join for parent da1a50a1-c9d9-4895-9f0c-bcada1823cc1 (outstanding=1, gated_turn_index=23, age_ms=107287)
2026-10-09 13:16:50.519 - AioHttpClient - ERROR - Error in aiohttp request: ServerDisconnectedError('Server disconnected')
2026-10-09 13:16:50.522 - aiperf.timing.branch_orchestrator - WARNING - Abandoned pending join for parent 8bcbc91b-95b9-4fa1-9f06-927f3a6d3c44 (outstanding=3, gated_turn_index=7, age_ms=320165)
2026-10-09 13:16:50.522 - aiperf.timing.branch_orchestrator - WARNING - Abandoned pending join for parent 5a675f90-a7f2-4667-91f5-cc71f1fb2084 (outstanding=22, gated_turn_index=9, age_ms=320135)
2026-10-09 13:16:50.523 - aiperf.timing.branch_orchestrator - WARNING - Abandoned pending join for parent c088d558-757c-42c8-b2be-3b2d90add48d (outstanding=15, gated_turn_index=31, age_ms=320122)
2026-10-09 13:16:50.520 - AioHttpClient - ERROR - Error in aiohttp request: ServerDisconnectedError('Server disconnected')
2026-10-09 13:16:50.519 - AioHttpClient - ERROR - Error in aiohttp request: ServerDisconnectedError('Server disconnected')
2026-10-09 13:16:50.524 - PhaseRunner - INFO - Session-tree slots for phase warmup: peak_open=128 (target concurrency 128); released 127 still-open at teardown; late_events=0
2026-10-09 13:16:50.519 - AioHttpClient - ERROR - Error in aiohttp request: ServerDisconnectedError('Server disconnected')
2026-10-09 13:16:50.524 - PhaseOrchestrator_6657e482 - NOTICE - All credits completed
2026-10-09 13:16:50.522 - AioHttpClient - ERROR - Error in aiohttp request: ServerDisconnectedError('Server disconnected')
2026-10-09 13:16:50.521 - AioHttpClient - ERROR - Error in aiohttp request: ServerDisconnectedError('Server disconnected')
2026-10-09 13:16:50.522 - AioHttpClient - ERROR - Error in aiohttp request: ServerDisconnectedError('Server disconnected')
2026-10-09 13:16:50.523 - AioHttpClient - ERROR - Error in aiohttp request: ServerDisconnectedError('Server disconnected')
2026-10-09 13:16:50.527 - AioHttpClient - ERROR - Error in aiohttp request: ServerDisconnectedError('Server disconnected')
2026-10-09 13:16:50.523 - AioHttpClient - ERROR - Error in aiohttp request: ServerDisconnectedError('Server disconnected')
2026-10-09 13:16:50.528 - AioHttpClient - ERROR - Error in aiohttp request: ServerDisconnectedError('Server disconnected')
2026-10-09 13:16:50.524 - AioHttpClient - ERROR - Error in aiohttp request: ServerDisconnectedError('Server disconnected')
2026-10-09 13:16:50.524 - AioHttpClient - ERROR - Error in aiohttp request: ServerDisconnectedError('Server disconnected')
2026-10-09 13:16:50.528 - AioHttpClient - ERROR - Error in aiohttp request: ServerDisconnectedError('Server disconnected')
2026-10-09 13:16:50.528 - AioHttpClient - ERROR - Error in aiohttp request: ServerDisconnectedError('Server disconnected')
2026-10-09 13:16:50.529 - AioHttpClient - ERROR - Error in aiohttp request: ServerDisconnectedError('Server disconnected')
2026-10-09 13:16:50.530 - AioHttpClient - ERROR - Error in aiohttp request: ServerDisconnectedError('Server disconnected')
2026-10-09 13:16:50.530 - AioHttpClient - ERROR - Error in aiohttp request: ServerDisconnectedError('Server disconnected')
2026-10-09 13:16:50.530 - AioHttpClient - ERROR - Error in aiohttp request: ServerDisconnectedError('Server disconnected')
2026-10-09 13:16:50.530 - AioHttpClient - ERROR - Error in aiohttp request: ServerDisconnectedError('Server disconnected')
2026-10-09 13:16:50.530 - AioHttpClient - ERROR - Error in aiohttp request: ServerDisconnectedError('Server disconnected')
2026-10-09 13:16:50.530 - AioHttpClient - ERROR - Error in aiohttp request: ServerDisconnectedError('Server disconnected')
2026-10-09 13:16:50.530 - AioHttpClient - ERROR - Error in aiohttp request: ServerDisconnectedError('Server disconnected')
2026-10-09 13:16:50.528 - AioHttpClient - ERROR - Error in aiohttp request: ServerDisconnectedError('Server disconnected')
2026-10-09 13:16:50.531 - AioHttpClient - ERROR - Error in aiohttp request: ServerDisconnectedError('Server disconnected')
2026-10-09 13:16:50.531 - AioHttpClient - ERROR - Error in aiohttp request: ServerDisconnectedError('Server disconnected')
2026-10-09 13:16:50.531 - AioHttpClient - ERROR - Error in aiohttp request: ServerDisconnectedError('Server disconnected')
2026-10-09 13:16:50.531 - AioHttpClient - ERROR - Error in aiohttp request: ServerDisconnectedError('Server disconnected')
2026-10-09 13:16:50.531 - AioHttpClient - ERROR - Error in aiohttp request: ServerDisconnectedError('Server disconnected')
2026-10-09 13:16:50.532 - AioHttpClient - ERROR - Error in aiohttp request: ServerDisconnectedError('Server disconnected')
2026-10-09 13:16:50.532 - AioHttpClient - ERROR - Error in aiohttp request: ServerDisconnectedError('Server disconnected')
2026-10-09 13:16:50.532 - AioHttpClient - ERROR - Error in aiohttp request: ServerDisconnectedError('Server disconnected')
2026-10-09 13:16:50.532 - AioHttpClient - ERROR - Error in aiohttp request: ServerDisconnectedError('Server disconnected')
2026-10-09 13:16:50.533 - AioHttpClient - ERROR - Error in aiohttp request: ServerDisconnectedError('Server disconnected')
2026-10-09 13:16:50.533 - AioHttpClient - ERROR - Error in aiohttp request: ServerDisconnectedError('Server disconnected')
2026-10-09 13:16:50.533 - AioHttpClient - ERROR - Error in aiohttp request: ServerDisconnectedError('Server disconnected')
2026-10-09 13:16:50.533 - AioHttpClient - ERROR - Error in aiohttp request: ServerDisconnectedError('Server disconnected')
2026-10-09 13:16:50.533 - AioHttpClient - ERROR - Error in aiohttp request: ServerDisconnectedError('Server disconnected')
2026-10-09 13:16:50.534 - AioHttpClient - ERROR - Error in aiohttp request: ServerDisconnectedError('Server disconnected')
2026-10-09 13:16:50.534 - AioHttpClient - ERROR - Error in aiohttp request: ServerDisconnectedError('Server disconnected')
2026-10-09 13:16:50.534 - AioHttpClient - ERROR - Error in aiohttp request: ServerDisconnectedError('Server disconnected')
2026-10-09 13:16:50.534 - AioHttpClient - ERROR - Error in aiohttp request: ServerDisconnectedError('Server disconnected')
2026-10-09 13:16:50.534 - AioHttpClient - ERROR - Error in aiohttp request: ServerDisconnectedError('Server disconnected')
2026-10-09 13:16:50.531 - AioHttpClient - ERROR - Error in aiohttp request: ServerDisconnectedError('Server disconnected')
2026-10-09 13:16:50.535 - AioHttpClient - ERROR - Error in aiohttp request: ServerDisconnectedError('Server disconnected')
2026-10-09 13:16:50.533 - AioHttpClient - ERROR - Error in aiohttp request: ServerDisconnectedError('Server disconnected')
2026-10-09 13:16:50.536 - AioHttpClient - ERROR - Error in aiohttp request: ServerDisconnectedError('Server disconnected')
2026-10-09 13:16:50.537 - AioHttpClient - ERROR - Error in aiohttp request: ServerDisconnectedError('Server disconnected')
2026-10-09 13:16:50.537 - AioHttpClient - ERROR - Error in aiohttp request: ServerDisconnectedError('Server disconnected')
2026-10-09 13:16:50.538 - AioHttpClient - ERROR - Error in aiohttp request: ServerDisconnectedError('Server disconnected')
2026-10-09 13:16:50.538 - AioHttpClient - ERROR - Error in aiohttp request: ServerDisconnectedError('Server disconnected')
2026-10-09 13:16:50.538 - AioHttpClient - ERROR - Error in aiohttp request: ServerDisconnectedError('Server disconnected')
2026-10-09 13:16:50.538 - AioHttpClient - ERROR - Error in aiohttp request: ServerDisconnectedError('Server disconnected')
2026-10-09 13:16:50.531 - AioHttpClient - ERROR - Error in aiohttp request: ServerDisconnectedError('Server disconnected')
2026-10-09 13:16:50.532 - AioHttpClient - ERROR - Error in aiohttp request: ServerDisconnectedError('Server disconnected')
2026-10-09 13:16:50.539 - AioHttpClient - ERROR - Error in aiohttp request: ServerDisconnectedError('Server disconnected')
2026-10-09 13:16:50.540 - AioHttpClient - ERROR - Error in aiohttp request: ServerDisconnectedError('Server disconnected')
2026-10-09 13:16:50.541 - AioHttpClient - ERROR - Error in aiohttp request: ServerDisconnectedError('Server disconnected')
2026-10-09 13:16:50.541 - AioHttpClient - ERROR - Error in aiohttp request: ServerDisconnectedError('Server disconnected')
2026-10-09 13:16:50.542 - AioHttpClient - ERROR - Error in aiohttp request: ServerDisconnectedError('Server disconnected')
2026-10-09 13:16:50.533 - AioHttpClient - ERROR - Error in aiohttp request: ServerDisconnectedError('Server disconnected')
2026-10-09 13:16:50.546 - AioHttpClient - ERROR - Error in aiohttp request: ServerDisconnectedError('Server disconnected')
2026-10-09 13:16:50.548 - AioHttpClient - ERROR - Error in aiohttp request: ServerDisconnectedError('Server disconnected')
2026-10-09 13:16:50.552 - AioHttpClient - ERROR - Error in aiohttp request: ServerDisconnectedError('Server disconnected')
2026-10-09 13:16:50.553 - AioHttpClient - ERROR - Error in aiohttp request: ServerDisconnectedError('Server disconnected')
2026-10-09 13:16:50.554 - AioHttpClient - ERROR - Error in aiohttp request: ServerDisconnectedError('Server disconnected')
2026-10-09 13:16:50.553 - AioHttpClient - ERROR - Error in aiohttp request: ServerDisconnectedError('Server disconnected')
2026-10-09 13:16:50.562 - AioHttpClient - ERROR - Error in aiohttp request: ServerDisconnectedError('Server disconnected')
2026-10-09 13:16:51.022 - MultiProcessServiceManager_df542c15 - WARNING - Service dataset_manager process (pid: 44) still alive after bus shutdown grace; killing (SIGKILL / TerminateProcess — children ignore SIGTERM)
2026-10-09 13:16:51.039 - MultiProcessServiceManager_df542c15 - WARNING - Service timing_manager process (pid: 45) still alive after bus shutdown grace; killing (SIGKILL / TerminateProcess — children ignore SIGTERM)
2026-10-09 13:16:51.057 - MultiProcessServiceManager_df542c15 - WARNING - Service worker process (pid: 51) still alive after bus shutdown grace; killing (SIGKILL / TerminateProcess — children ignore SIGTERM)
2026-10-09 13:16:51.069 - MultiProcessServiceManager_df542c15 - WARNING - Service worker process (pid: 55) still alive after bus shutdown grace; killing (SIGKILL / TerminateProcess — children ignore SIGTERM)
2026-10-09 13:16:51.075 - MultiProcessServiceManager_df542c15 - WARNING - Service worker process (pid: 65) still alive after bus shutdown grace; killing (SIGKILL / TerminateProcess — children ignore SIGTERM)
